Using pre-set license
Built from '6000.0/staging' branch; Version is '6000.0.37f1 (090b7797214c) revision 592759'; Using compiler version '193933523'; Build Type 'Release'
OS: 'Windows 11  (10.0.26100) 64bit Core' Language: 'it' Physical Memory: 16192 MB
BatchMode: 1, IsHumanControllingUs: 0, StartBugReporterOnCrash: 0, Is64bit: 1, IsPro: 1

COMMAND LINE ARGUMENTS:
D:\Unity\UnityVersions\Unity\Hub\Editor\6000.0.37f1\Editor\Unity.exe
-adb2
-batchMode
-noUpm
-name
AssetImportWorker0
-projectPath
D:/Unity/UnityHub/Unity/BehaviourTreeLessons/BehaviorTree2025
-logFile
Logs/AssetImportWorker0.log
-srvPort
49199
-job-worker-count
3
-background-job-worker-count
8
-gc-helper-count
1
Successfully changed project path to: D:/Unity/UnityHub/Unity/BehaviourTreeLessons/BehaviorTree2025
D:/Unity/UnityHub/Unity/BehaviourTreeLessons/BehaviorTree2025
[UnityMemory] Configuration Parameters - Can be set up in boot.config
    "memorysetup-bucket-allocator-granularity=16"
    "memorysetup-bucket-allocator-bucket-count=8"
    "memorysetup-bucket-allocator-block-size=33554432"
    "memorysetup-bucket-allocator-block-count=8"
    "memorysetup-main-allocator-block-size=16777216"
    "memorysetup-thread-allocator-block-size=16777216"
    "memorysetup-gfx-main-allocator-block-size=16777216"
    "memorysetup-gfx-thread-allocator-block-size=16777216"
    "memorysetup-cache-allocator-block-size=4194304"
    "memorysetup-typetree-allocator-block-size=2097152"
    "memorysetup-profiler-bucket-allocator-granularity=16"
    "memorysetup-profiler-bucket-allocator-bucket-count=8"
    "memorysetup-profiler-bucket-allocator-block-size=33554432"
    "memorysetup-profiler-bucket-allocator-block-count=8"
    "memorysetup-profiler-allocator-block-size=16777216"
    "memorysetup-profiler-editor-allocator-block-size=1048576"
    "memorysetup-temp-allocator-size-main=16777216"
    "memorysetup-job-temp-allocator-block-size=2097152"
    "memorysetup-job-temp-allocator-block-size-background=1048576"
    "memorysetup-job-temp-allocator-reduction-small-platforms=262144"
    "memorysetup-allocator-temp-initial-block-size-main=262144"
    "memorysetup-allocator-temp-initial-block-size-worker=262144"
    "memorysetup-temp-allocator-size-background-worker=32768"
    "memorysetup-temp-allocator-size-job-worker=262144"
    "memorysetup-temp-allocator-size-preload-manager=33554432"
    "memorysetup-temp-allocator-size-nav-mesh-worker=65536"
    "memorysetup-temp-allocator-size-audio-worker=65536"
    "memorysetup-temp-allocator-size-cloud-worker=32768"
    "memorysetup-temp-allocator-size-gi-baking-worker=262144"
    "memorysetup-temp-allocator-size-gi-baking-worker=262144"
    "memorysetup-temp-allocator-size-gi-baking-worker=262144"
    "memorysetup-temp-allocator-size-gi-baking-worker=262144"
    "memorysetup-temp-allocator-size-gi-baking-worker=262144"
    "memorysetup-temp-allocator-size-gfx=262144"
Player connection [18352]  Target information:

Player connection [18352]  * "[IP] 192.168.1.195 [Port] 0 [Flags] 2 [Guid] 1391634397 [EditorId] 1391634397 [Version] 1048832 [Id] WindowsEditor(7,LAPTOP-F8LQVSSA) [Debug] 1 [PackageName] WindowsEditor [ProjectName] Editor" 

Player connection [18352] Host joined multi-casting on [225.0.0.222:54997]...
Player connection [18352] Host joined alternative multi-casting on [225.0.0.222:34997]...
JobSystem: Creating JobQueue using job-worker-count value 3
Input System module state changed to: Initialized.
[Physics::Module] Initialized fallback backend.
[Physics::Module] Id: 0xdecafbad
Library Redirect Path: Library/
[Physics::Module] Selected backend.
[Physics::Module] Name: PhysX
[Physics::Module] Id: 0xf2b8ea05
[Physics::Module] SDK Version: 4.1.2
[Physics::Module] Integration Version: 1.0.0
[Physics::Module] Threading Mode: Multi-Threaded
Refreshing native plugins compatible for Editor in 7.98 ms, found 4 plugins.
Preloading 1 native plugins for Editor in 5.78 ms.
Initialize engine version: 6000.0.37f1 (090b7797214c)
[Subsystems] Discovering subsystems at path D:/Unity/UnityVersions/Unity/Hub/Editor/6000.0.37f1/Editor/Data/Resources/UnitySubsystems
[Subsystems] Discovering subsystems at path D:/Unity/UnityHub/Unity/BehaviourTreeLessons/BehaviorTree2025/Assets
GfxDevice: creating device client; kGfxThreadingModeNonThreaded
Direct3D:
    Version:  Direct3D 11.0 [level 11.1]
    Renderer: NVIDIA GeForce GTX 1650 (ID=0x1f91)
    Vendor:   NVIDIA
    VRAM:     3935 MB
    Driver:   32.0.15.5597
Shader 'TextMeshPro/Distance Field SSD': fallback shader 'TextMeshPro/Mobile/Distance Field' not found
Shader 'TextMeshPro/Distance Field': fallback shader 'TextMeshPro/Mobile/Distance Field' not found
Shader 'TextMeshPro/Distance Field Overlay': fallback shader 'TextMeshPro/Mobile/Distance Field' not found
Initialize mono
Mono path[0] = 'D:/Unity/UnityVersions/Unity/Hub/Editor/6000.0.37f1/Editor/Data/Managed'
Mono path[1] = 'D:/Unity/UnityVersions/Unity/Hub/Editor/6000.0.37f1/Editor/Data/MonoBleedingEdge/lib/mono/unityjit-win32'
Mono config path = 'D:/Unity/UnityVersions/Unity/Hub/Editor/6000.0.37f1/Editor/Data/MonoBleedingEdge/etc'
Using monoOptions --debugger-agent=transport=dt_socket,embedding=1,server=y,suspend=n,address=127.0.0.1:56420
Begin MonoManager ReloadAssembly
Registering precompiled unity dll's ...
Register platform support module: D:/Unity/UnityVersions/Unity/Hub/Editor/6000.0.37f1/Editor/Data/PlaybackEngines/WindowsStandaloneSupport/UnityEditor.WindowsStandalone.Extensions.dll
Register platform support module: D:/Unity/UnityVersions/Unity/Hub/Editor/6000.0.37f1/Editor/Data/PlaybackEngines/MetroSupport/UnityEditor.UWP.Extensions.dll
Registered in 0.010534 seconds.
- Loaded All Assemblies, in  1.760 seconds
Native extension for UWP target not found
Native extension for WindowsStandalone target not found
Mono: successfully reloaded assembly
- Finished resetting the current domain, in  1.705 seconds
Domain Reload Profiling: 3464ms
	BeginReloadAssembly (620ms)
		ExecutionOrderSort (0ms)
		DisableScriptedObjects (0ms)
		BackupInstance (0ms)
		ReleaseScriptingObjects (0ms)
		CreateAndSetChildDomain (2ms)
	RebuildCommonClasses (178ms)
	RebuildNativeTypeToScriptingClass (62ms)
	initialDomainReloadingComplete (213ms)
	LoadAllAssembliesAndSetupDomain (685ms)
		LoadAssemblies (616ms)
		RebuildTransferFunctionScriptingTraits (0ms)
		AnalyzeDomain (673ms)
			TypeCache.Refresh (665ms)
				TypeCache.ScanAssembly (624ms)
			BuildScriptInfoCaches (1ms)
			ResolveRequiredComponents (3ms)
	FinalizeReload (1707ms)
		ReleaseScriptCaches (0ms)
		RebuildScriptCaches (0ms)
		SetupLoadedEditorAssemblies (1472ms)
			LogAssemblyErrors (0ms)
			InitializePlatformSupportModulesInManaged (139ms)
			SetLoadedEditorAssemblies (27ms)
			BeforeProcessingInitializeOnLoad (276ms)
			ProcessInitializeOnLoadAttributes (757ms)
			ProcessInitializeOnLoadMethodAttributes (273ms)
			AfterProcessingInitializeOnLoad (0ms)
			EditorAssembliesLoaded (0ms)
		ExecutionOrderSort2 (0ms)
		AwakeInstancesAfterBackupRestoration (0ms)
========================================================================
Worker process is ready to serve import requests
Import Worker Mode flag is 0x00
Begin MonoManager ReloadAssembly
Symbol file LoadedFromMemory is not a mono symbol file
- Loaded All Assemblies, in  3.884 seconds
Refreshing native plugins compatible for Editor in 6.01 ms, found 4 plugins.
Native extension for UWP target not found
Native extension for WindowsStandalone target not found
Mono: successfully reloaded assembly
- Finished resetting the current domain, in  5.697 seconds
Domain Reload Profiling: 9579ms
	BeginReloadAssembly (772ms)
		ExecutionOrderSort (0ms)
		DisableScriptedObjects (28ms)
		BackupInstance (0ms)
		ReleaseScriptingObjects (0ms)
		CreateAndSetChildDomain (98ms)
	RebuildCommonClasses (186ms)
	RebuildNativeTypeToScriptingClass (61ms)
	initialDomainReloadingComplete (186ms)
	LoadAllAssembliesAndSetupDomain (2673ms)
		LoadAssemblies (1908ms)
		RebuildTransferFunctionScriptingTraits (0ms)
		AnalyzeDomain (1268ms)
			TypeCache.Refresh (939ms)
				TypeCache.ScanAssembly (872ms)
			BuildScriptInfoCaches (271ms)
			ResolveRequiredComponents (46ms)
	FinalizeReload (5701ms)
		ReleaseScriptCaches (0ms)
		RebuildScriptCaches (0ms)
		SetupLoadedEditorAssemblies (4997ms)
			LogAssemblyErrors (0ms)
			InitializePlatformSupportModulesInManaged (10ms)
			SetLoadedEditorAssemblies (23ms)
			BeforeProcessingInitializeOnLoad (1210ms)
			ProcessInitializeOnLoadAttributes (2062ms)
			ProcessInitializeOnLoadMethodAttributes (1684ms)
			AfterProcessingInitializeOnLoad (7ms)
			EditorAssembliesLoaded (1ms)
		ExecutionOrderSort2 (0ms)
		AwakeInstancesAfterBackupRestoration (23ms)
Launched and connected shader compiler UnityShaderCompiler.exe after 0.15 seconds
Refreshing native plugins compatible for Editor in 4.48 ms, found 4 plugins.
Preloading 1 native plugins for Editor in 0.17 ms.
Unloading 221 Unused Serialized files (Serialized files now loaded: 0)
Unloading 6980 unused Assets / (5.5 MB). Loaded Objects now: 7682.
Memory consumption went from 175.5 MB to 170.0 MB.
Total: 33.923500 ms (FindLiveObjects: 2.705100 ms CreateObjectMapping: 5.029000 ms MarkObjects: 16.771300 ms  DeleteObjects: 9.414800 ms)

========================================================================
Received Import Request.
  Time since last request: 111575.363168 seconds.
  path: Assets/Revisione/Scripts/BehaviorActions
  artifactKey: Guid(23830d5b58a40464aab36247ba44e059) Importer(815301076,1909f56bfc062723c751e8b465ee728b)
Start importing Assets/Revisione/Scripts/BehaviorActions using Guid(23830d5b58a40464aab36247ba44e059) Importer(815301076,1909f56bfc062723c751e8b465ee728b) (PreviewImporter) -> (artifact id: '8a1f9550c06323c7ddacaa7e15f23613') in 0.0193882 seconds
Number of updated asset objects reloaded before import = 0Number of asset objects unloaded after import = 0

========================================================================
Received Import Request.
  Time since last request: 0.000050 seconds.
  path: Assets/Revisione/Scripts/BehaviorActions/Important
  artifactKey: Guid(a3d127092a3f34244ad875c5e20aa5b8) Importer(815301076,1909f56bfc062723c751e8b465ee728b)
Start importing Assets/Revisione/Scripts/BehaviorActions/Important using Guid(a3d127092a3f34244ad875c5e20aa5b8) Importer(815301076,1909f56bfc062723c751e8b465ee728b) (PreviewImporter) -> (artifact id: '080fe2c8f5be033bd1939e284b1a36e4') in 0.0013289 seconds
Number of updated asset objects reloaded before import = 0Number of asset objects unloaded after import = 0

========================================================================
Received Import Request.
  Time since last request: 59.128263 seconds.
  path: Assets/Revisione/Prefabs
  artifactKey: Guid(9515cda0f590fe142acef6a7533496a2) Importer(815301076,1909f56bfc062723c751e8b465ee728b)
Start importing Assets/Revisione/Prefabs using Guid(9515cda0f590fe142acef6a7533496a2) Importer(815301076,1909f56bfc062723c751e8b465ee728b) (PreviewImporter) -> (artifact id: 'd79eb958cf24bb1b4f1d7162e37cd1a3') in 0.0018659 seconds
Number of updated asset objects reloaded before import = 0Number of asset objects unloaded after import = 0

========================================================================
Received Import Request.
  Time since last request: 4.984119 seconds.
  path: Assets/Revisione/Scripts/BehaviorActions/Important/CustomSelector.cs
  artifactKey: Guid(c19afe66d109a3241b97afecce9d0402) Importer(815301076,1909f56bfc062723c751e8b465ee728b)
Start importing Assets/Revisione/Scripts/BehaviorActions/Important/CustomSelector.cs using Guid(c19afe66d109a3241b97afecce9d0402) Importer(815301076,1909f56bfc062723c751e8b465ee728b) (PreviewImporter) -> (artifact id: '165271433859b3250392fe39b0df520b') in 0.0015623 seconds
Number of updated asset objects reloaded before import = 0Number of asset objects unloaded after import = 0

========================================================================
Received Import Request.
  Time since last request: 13.516217 seconds.
  path: Assets/Revisione/Scripts/BehaviorActions/Important/IsNullOrEmptyCondition.cs
  artifactKey: Guid(d1caf080f87da924fba425bcc0b5aaed) Importer(815301076,1909f56bfc062723c751e8b465ee728b)
Start importing Assets/Revisione/Scripts/BehaviorActions/Important/IsNullOrEmptyCondition.cs using Guid(d1caf080f87da924fba425bcc0b5aaed) Importer(815301076,1909f56bfc062723c751e8b465ee728b) (PreviewImporter) -> (artifact id: '0aaf1fd33146b9271903c0e41ae5f143') in 0.0017062 seconds
Number of updated asset objects reloaded before import = 0Number of asset objects unloaded after import = 0

========================================================================
Received Import Request.
  Time since last request: 1.397117 seconds.
  path: Assets/Revisione/Scripts/BehaviorActions/Important/MoveTowardsAction.cs
  artifactKey: Guid(95975ded80c976242ad298e224710307) Importer(815301076,1909f56bfc062723c751e8b465ee728b)
Start importing Assets/Revisione/Scripts/BehaviorActions/Important/MoveTowardsAction.cs using Guid(95975ded80c976242ad298e224710307) Importer(815301076,1909f56bfc062723c751e8b465ee728b) (PreviewImporter) -> (artifact id: '9783f7e6b4d3e23f84233545e2209422') in 0.001351 seconds
Number of updated asset objects reloaded before import = 0Number of asset objects unloaded after import = 0

========================================================================
Received Import Request.
  Time since last request: 0.403568 seconds.
  path: Assets/Revisione/Scripts/BehaviorActions/Important/RandomFromSelectionAction.cs
  artifactKey: Guid(ebda79610ca7fb242aed1f18886763fd) Importer(815301076,1909f56bfc062723c751e8b465ee728b)
Start importing Assets/Revisione/Scripts/BehaviorActions/Important/RandomFromSelectionAction.cs using Guid(ebda79610ca7fb242aed1f18886763fd) Importer(815301076,1909f56bfc062723c751e8b465ee728b) (PreviewImporter) -> (artifact id: '6849c7a05c1a41b1b9f2a2cc8004e92b') in 0.0013765 seconds
Number of updated asset objects reloaded before import = 0Number of asset objects unloaded after import = 0

========================================================================
Received Import Request.
  Time since last request: 0.291021 seconds.
  path: Assets/Revisione/Scripts/BehaviorActions/Important/SetRandomFloatFromRangeAction.cs
  artifactKey: Guid(3172e98f5d95327449025ff549e88bf8) Importer(815301076,1909f56bfc062723c751e8b465ee728b)
Start importing Assets/Revisione/Scripts/BehaviorActions/Important/SetRandomFloatFromRangeAction.cs using Guid(3172e98f5d95327449025ff549e88bf8) Importer(815301076,1909f56bfc062723c751e8b465ee728b) (PreviewImporter) -> (artifact id: 'ff458a354d6bed963501a12b3636140f') in 0.001352 seconds
Number of updated asset objects reloaded before import = 0Number of asset objects unloaded after import = 0

========================================================================
Received Import Request.
  Time since last request: 21.207735 seconds.
  path: Assets/Revisione
  artifactKey: Guid(b3c9b31893a759e40830218eec12198a) Importer(815301076,1909f56bfc062723c751e8b465ee728b)
Start importing Assets/Revisione using Guid(b3c9b31893a759e40830218eec12198a) Importer(815301076,1909f56bfc062723c751e8b465ee728b) (PreviewImporter) -> (artifact id: '193a7c43ef3e93bdfc39b98d18de9d52') in 0.0017305 seconds
Number of updated asset objects reloaded before import = 0Number of asset objects unloaded after import = 0

========================================================================
Received Import Request.
  Time since last request: 10.195951 seconds.
  path: Assets/Revisione/bv
  artifactKey: Guid(771eb5c1d4649bd42a141f1d5577f3be) Importer(815301076,1909f56bfc062723c751e8b465ee728b)
Start importing Assets/Revisione/bv using Guid(771eb5c1d4649bd42a141f1d5577f3be) Importer(815301076,1909f56bfc062723c751e8b465ee728b) (PreviewImporter) -> (artifact id: '2629b01a083aa8386ced3905339cc657') in 0.0018531 seconds
Number of updated asset objects reloaded before import = 0Number of asset objects unloaded after import = 0

========================================================================
Received Import Request.
  Time since last request: 13.373363 seconds.
  path: Assets/Revisione/bv/Es1
  artifactKey: Guid(4b585ced8d2605244b2b5ae6fd116dd3) Importer(815301076,1909f56bfc062723c751e8b465ee728b)
Start importing Assets/Revisione/bv/Es1 using Guid(4b585ced8d2605244b2b5ae6fd116dd3) Importer(815301076,1909f56bfc062723c751e8b465ee728b) (PreviewImporter) -> (artifact id: '747add2df2ce9b7613c38eaa3115caaf') in 0.0015384 seconds
Number of updated asset objects reloaded before import = 0Number of asset objects unloaded after import = 0

========================================================================
Received Import Request.
  Time since last request: 130.492565 seconds.
  path: Assets/Revisione/bv_scripts
  artifactKey: Guid(8314ab644d362574c941ecfdb893f06a) Importer(815301076,1909f56bfc062723c751e8b465ee728b)
Start importing Assets/Revisione/bv_scripts using Guid(8314ab644d362574c941ecfdb893f06a) Importer(815301076,1909f56bfc062723c751e8b465ee728b) (PreviewImporter) -> (artifact id: '9230232d656e8aee548baf1b968f3c04') in 0.0012293 seconds
Number of updated asset objects reloaded before import = 0Number of asset objects unloaded after import = 0

========================================================================
Received Import Request.
  Time since last request: 7.109975 seconds.
  path: Assets/Revisione/bv_scripts/Es1
  artifactKey: Guid(6bd52bfed9f0568498b9b2e7561914b3) Importer(815301076,1909f56bfc062723c751e8b465ee728b)
Start importing Assets/Revisione/bv_scripts/Es1 using Guid(6bd52bfed9f0568498b9b2e7561914b3) Importer(815301076,1909f56bfc062723c751e8b465ee728b) (PreviewImporter) -> (artifact id: '62f7e1649f4f7c1dace3113002ffa347') in 0.0970218 seconds
Number of updated asset objects reloaded before import = 0Number of asset objects unloaded after import = 0

========================================================================
Received Import Request.
  Time since last request: 36.608911 seconds.
  path: Assets/Revisione/bv_scripts/Es1/AgentBTree.asset
  artifactKey: Guid(6644534de4021264697059f1fedc6ebf) Importer(815301076,1909f56bfc062723c751e8b465ee728b)
Start importing Assets/Revisione/bv_scripts/Es1/AgentBTree.asset using Guid(6644534de4021264697059f1fedc6ebf) Importer(815301076,1909f56bfc062723c751e8b465ee728b) (PreviewImporter) -> (artifact id: '913fad7ae6bf12ce921ce4aa62109b10') in 0.4169243 seconds
Number of updated asset objects reloaded before import = 0Number of asset objects unloaded after import = 4

========================================================================
Received Import Request.
  Time since last request: 21.098928 seconds.
  path: Assets/Revisione/bv_scripts/Es1/AgentBTree.asset
  artifactKey: Guid(6644534de4021264697059f1fedc6ebf) Importer(815301076,1909f56bfc062723c751e8b465ee728b)
Start importing Assets/Revisione/bv_scripts/Es1/AgentBTree.asset using Guid(6644534de4021264697059f1fedc6ebf) Importer(815301076,1909f56bfc062723c751e8b465ee728b) (PreviewImporter) -> (artifact id: '9a1f5cee0837d32d74b793bd2f0ce925') in 0.0147045 seconds
Number of updated asset objects reloaded before import = 0Number of asset objects unloaded after import = 6

========================================================================
Received Import Request.
  Time since last request: 56.598043 seconds.
  path: Assets/Revisione/bv_scripts/Es1/AgentBTree.asset
  artifactKey: Guid(6644534de4021264697059f1fedc6ebf) Importer(815301076,1909f56bfc062723c751e8b465ee728b)
Start importing Assets/Revisione/bv_scripts/Es1/AgentBTree.asset using Guid(6644534de4021264697059f1fedc6ebf) Importer(815301076,1909f56bfc062723c751e8b465ee728b) (PreviewImporter) -> (artifact id: 'ffcdbaa7497ff4165743daf0f0d842c7') in 0.0302798 seconds
Number of updated asset objects reloaded before import = 0Number of asset objects unloaded after import = 6

========================================================================
Received Import Request.
  Time since last request: 22.493894 seconds.
  path: Assets/Revisione/bv_scripts/Es1/AgentBTree.asset
  artifactKey: Guid(6644534de4021264697059f1fedc6ebf) Importer(815301076,1909f56bfc062723c751e8b465ee728b)
Start importing Assets/Revisione/bv_scripts/Es1/AgentBTree.asset using Guid(6644534de4021264697059f1fedc6ebf) Importer(815301076,1909f56bfc062723c751e8b465ee728b) (PreviewImporter) -> (artifact id: 'ab08473698897dff4af5166a275b0d1a') in 0.0074467 seconds
Number of updated asset objects reloaded before import = 0Number of asset objects unloaded after import = 6

========================================================================
Received Prepare
Refreshing native plugins compatible for Editor in 823.21 ms, found 4 plugins.
Preloading 1 native plugins for Editor in 0.78 ms.
Unloading 13 Unused Serialized files (Serialized files now loaded: 0)
Unloading 6964 unused Assets / (3.7 MB). Loaded Objects now: 7687.
Memory consumption went from 144.8 MB to 141.1 MB.
Total: 70.938400 ms (FindLiveObjects: 3.906500 ms CreateObjectMapping: 3.979600 ms MarkObjects: 52.195600 ms  DeleteObjects: 10.851600 ms)

Prepare: number of updated asset objects reloaded= 0
========================================================================
Received Prepare
Begin MonoManager ReloadAssembly
Symbol file LoadedFromMemory is not a mono symbol file
- Loaded All Assemblies, in  7.256 seconds
Refreshing native plugins compatible for Editor in 3.01 ms, found 4 plugins.
Native extension for UWP target not found
Native extension for WindowsStandalone target not found
Mono: successfully reloaded assembly
- Finished resetting the current domain, in  5.144 seconds
Domain Reload Profiling: 12407ms
	BeginReloadAssembly (990ms)
		ExecutionOrderSort (0ms)
		DisableScriptedObjects (40ms)
		BackupInstance (0ms)
		ReleaseScriptingObjects (1ms)
		CreateAndSetChildDomain (211ms)
	RebuildCommonClasses (126ms)
	RebuildNativeTypeToScriptingClass (40ms)
	initialDomainReloadingComplete (138ms)
	LoadAllAssembliesAndSetupDomain (5966ms)
		LoadAssemblies (5702ms)
		RebuildTransferFunctionScriptingTraits (0ms)
		AnalyzeDomain (758ms)
			TypeCache.Refresh (32ms)
				TypeCache.ScanAssembly (2ms)
			BuildScriptInfoCaches (640ms)
			ResolveRequiredComponents (74ms)
	FinalizeReload (5146ms)
		ReleaseScriptCaches (0ms)
		RebuildScriptCaches (0ms)
		SetupLoadedEditorAssemblies (2951ms)
			LogAssemblyErrors (0ms)
			InitializePlatformSupportModulesInManaged (6ms)
			SetLoadedEditorAssemblies (24ms)
			BeforeProcessingInitializeOnLoad (948ms)
			ProcessInitializeOnLoadAttributes (1264ms)
			ProcessInitializeOnLoadMethodAttributes (701ms)
			AfterProcessingInitializeOnLoad (7ms)
			EditorAssembliesLoaded (2ms)
		ExecutionOrderSort2 (0ms)
		AwakeInstancesAfterBackupRestoration (55ms)
Refreshing native plugins compatible for Editor in 3.99 ms, found 4 plugins.
Preloading 1 native plugins for Editor in 0.10 ms.
Unloading 24 Unused Serialized files (Serialized files now loaded: 0)
Unloading 6979 unused Assets / (4.9 MB). Loaded Objects now: 7708.
Memory consumption went from 160.1 MB to 155.2 MB.
Total: 67.488200 ms (FindLiveObjects: 1.162900 ms CreateObjectMapping: 1.504900 ms MarkObjects: 47.098100 ms  DeleteObjects: 17.718800 ms)

Prepare: number of updated asset objects reloaded= 0
========================================================================
Received Prepare
Begin MonoManager ReloadAssembly
Symbol file LoadedFromMemory is not a mono symbol file
- Loaded All Assemblies, in  2.357 seconds
Refreshing native plugins compatible for Editor in 2.57 ms, found 4 plugins.
Native extension for UWP target not found
Native extension for WindowsStandalone target not found
Mono: successfully reloaded assembly
- Finished resetting the current domain, in  6.318 seconds
Domain Reload Profiling: 8677ms
	BeginReloadAssembly (533ms)
		ExecutionOrderSort (0ms)
		DisableScriptedObjects (24ms)
		BackupInstance (0ms)
		ReleaseScriptingObjects (0ms)
		CreateAndSetChildDomain (153ms)
	RebuildCommonClasses (73ms)
	RebuildNativeTypeToScriptingClass (46ms)
	initialDomainReloadingComplete (96ms)
	LoadAllAssembliesAndSetupDomain (1607ms)
		LoadAssemblies (1358ms)
		RebuildTransferFunctionScriptingTraits (0ms)
		AnalyzeDomain (531ms)
			TypeCache.Refresh (15ms)
				TypeCache.ScanAssembly (1ms)
			BuildScriptInfoCaches (474ms)
			ResolveRequiredComponents (37ms)
	FinalizeReload (6321ms)
		ReleaseScriptCaches (0ms)
		RebuildScriptCaches (0ms)
		SetupLoadedEditorAssemblies (5170ms)
			LogAssemblyErrors (0ms)
			InitializePlatformSupportModulesInManaged (5ms)
			SetLoadedEditorAssemblies (14ms)
			BeforeProcessingInitializeOnLoad (1382ms)
			ProcessInitializeOnLoadAttributes (2254ms)
			ProcessInitializeOnLoadMethodAttributes (1502ms)
			AfterProcessingInitializeOnLoad (13ms)
			EditorAssembliesLoaded (1ms)
		ExecutionOrderSort2 (0ms)
		AwakeInstancesAfterBackupRestoration (377ms)
Refreshing native plugins compatible for Editor in 8.78 ms, found 4 plugins.
Preloading 1 native plugins for Editor in 0.21 ms.
Unloading 14 Unused Serialized files (Serialized files now loaded: 0)
Unloading 6979 unused Assets / (4.5 MB). Loaded Objects now: 7710.
Memory consumption went from 168.7 MB to 164.2 MB.
Total: 83.767400 ms (FindLiveObjects: 1.547300 ms CreateObjectMapping: 14.857000 ms MarkObjects: 57.306600 ms  DeleteObjects: 10.052800 ms)

Prepare: number of updated asset objects reloaded= 0
========================================================================
Received Prepare
Refreshing native plugins compatible for Editor in 10.50 ms, found 4 plugins.
Preloading 1 native plugins for Editor in 0.39 ms.
Unloading 13 Unused Serialized files (Serialized files now loaded: 0)
Unloading 6965 unused Assets / (5.8 MB). Loaded Objects now: 7711.
Memory consumption went from 163.5 MB to 157.7 MB.
Total: 159.555000 ms (FindLiveObjects: 5.702200 ms CreateObjectMapping: 61.461700 ms MarkObjects: 66.133500 ms  DeleteObjects: 26.252900 ms)

Prepare: number of updated asset objects reloaded= 5
========================================================================
Received Prepare
Begin MonoManager ReloadAssembly
Symbol file LoadedFromMemory is not a mono symbol file
- Loaded All Assemblies, in  2.133 seconds
Refreshing native plugins compatible for Editor in 3.96 ms, found 4 plugins.
Native extension for UWP target not found
Native extension for WindowsStandalone target not found
Mono: successfully reloaded assembly
- Finished resetting the current domain, in  5.841 seconds
Domain Reload Profiling: 7988ms
	BeginReloadAssembly (787ms)
		ExecutionOrderSort (0ms)
		DisableScriptedObjects (32ms)
		BackupInstance (0ms)
		ReleaseScriptingObjects (0ms)
		CreateAndSetChildDomain (204ms)
	RebuildCommonClasses (79ms)
	RebuildNativeTypeToScriptingClass (27ms)
	initialDomainReloadingComplete (55ms)
	LoadAllAssembliesAndSetupDomain (1195ms)
		LoadAssemblies (952ms)
		RebuildTransferFunctionScriptingTraits (0ms)
		AnalyzeDomain (522ms)
			TypeCache.Refresh (17ms)
				TypeCache.ScanAssembly (1ms)
			BuildScriptInfoCaches (453ms)
			ResolveRequiredComponents (43ms)
	FinalizeReload (5844ms)
		ReleaseScriptCaches (0ms)
		RebuildScriptCaches (0ms)
		SetupLoadedEditorAssemblies (2907ms)
			LogAssemblyErrors (0ms)
			InitializePlatformSupportModulesInManaged (5ms)
			SetLoadedEditorAssemblies (18ms)
			BeforeProcessingInitializeOnLoad (713ms)
			ProcessInitializeOnLoadAttributes (1437ms)
			ProcessInitializeOnLoadMethodAttributes (727ms)
			AfterProcessingInitializeOnLoad (5ms)
			EditorAssembliesLoaded (1ms)
		ExecutionOrderSort2 (0ms)
		AwakeInstancesAfterBackupRestoration (328ms)
Refreshing native plugins compatible for Editor in 4.41 ms, found 4 plugins.
Preloading 1 native plugins for Editor in 0.21 ms.
Unloading 15 Unused Serialized files (Serialized files now loaded: 0)
Unloading 6981 unused Assets / (6.1 MB). Loaded Objects now: 7713.
Memory consumption went from 158.4 MB to 152.3 MB.
Total: 75.857000 ms (FindLiveObjects: 2.965500 ms CreateObjectMapping: 10.112400 ms MarkObjects: 48.431300 ms  DeleteObjects: 14.344300 ms)

Prepare: number of updated asset objects reloaded= 0
========================================================================
Received Prepare
Refreshing native plugins compatible for Editor in 6.53 ms, found 4 plugins.
Preloading 1 native plugins for Editor in 0.33 ms.
Unloading 13 Unused Serialized files (Serialized files now loaded: 0)
Unloading 6965 unused Assets / (4.7 MB). Loaded Objects now: 7713.
Memory consumption went from 153.2 MB to 148.5 MB.
Total: 34.965000 ms (FindLiveObjects: 1.423200 ms CreateObjectMapping: 2.813800 ms MarkObjects: 14.638200 ms  DeleteObjects: 16.086800 ms)

Prepare: number of updated asset objects reloaded= 0
========================================================================
Received Prepare
Begin MonoManager ReloadAssembly
Symbol file LoadedFromMemory is not a mono symbol file
- Loaded All Assemblies, in  3.724 seconds
Refreshing native plugins compatible for Editor in 4.49 ms, found 4 plugins.
Native extension for UWP target not found
Native extension for WindowsStandalone target not found
Mono: successfully reloaded assembly
- Finished resetting the current domain, in  5.689 seconds
Domain Reload Profiling: 9412ms
	BeginReloadAssembly (893ms)
		ExecutionOrderSort (0ms)
		DisableScriptedObjects (29ms)
		BackupInstance (0ms)
		ReleaseScriptingObjects (0ms)
		CreateAndSetChildDomain (189ms)
	RebuildCommonClasses (160ms)
	RebuildNativeTypeToScriptingClass (75ms)
	initialDomainReloadingComplete (135ms)
	LoadAllAssembliesAndSetupDomain (2458ms)
		LoadAssemblies (2419ms)
		RebuildTransferFunctionScriptingTraits (0ms)
		AnalyzeDomain (561ms)
			TypeCache.Refresh (19ms)
				TypeCache.ScanAssembly (2ms)
			BuildScriptInfoCaches (512ms)
			ResolveRequiredComponents (23ms)
	FinalizeReload (5691ms)
		ReleaseScriptCaches (0ms)
		RebuildScriptCaches (0ms)
		SetupLoadedEditorAssemblies (4517ms)
			LogAssemblyErrors (0ms)
			InitializePlatformSupportModulesInManaged (6ms)
			SetLoadedEditorAssemblies (11ms)
			BeforeProcessingInitializeOnLoad (765ms)
			ProcessInitializeOnLoadAttributes (2810ms)
			ProcessInitializeOnLoadMethodAttributes (917ms)
			AfterProcessingInitializeOnLoad (6ms)
			EditorAssembliesLoaded (1ms)
		ExecutionOrderSort2 (0ms)
		AwakeInstancesAfterBackupRestoration (353ms)
Refreshing native plugins compatible for Editor in 5.32 ms, found 4 plugins.
Preloading 1 native plugins for Editor in 0.15 ms.
Unloading 15 Unused Serialized files (Serialized files now loaded: 0)
Unloading 6981 unused Assets / (4.6 MB). Loaded Objects now: 7715.
Memory consumption went from 163.6 MB to 159.0 MB.
Total: 28.169700 ms (FindLiveObjects: 1.381900 ms CreateObjectMapping: 3.406300 ms MarkObjects: 16.314300 ms  DeleteObjects: 7.064500 ms)

Prepare: number of updated asset objects reloaded= 0
========================================================================
Received Prepare
Refreshing native plugins compatible for Editor in 8.93 ms, found 4 plugins.
Preloading 1 native plugins for Editor in 0.29 ms.
Unloading 13 Unused Serialized files (Serialized files now loaded: 0)
Unloading 6965 unused Assets / (4.9 MB). Loaded Objects now: 7715.
Memory consumption went from 158.4 MB to 153.4 MB.
Total: 40.197300 ms (FindLiveObjects: 2.387300 ms CreateObjectMapping: 3.875000 ms MarkObjects: 24.909900 ms  DeleteObjects: 9.022100 ms)

Prepare: number of updated asset objects reloaded= 0
========================================================================
Received Prepare
Begin MonoManager ReloadAssembly
Symbol file LoadedFromMemory is not a mono symbol file
- Loaded All Assemblies, in  3.210 seconds
Refreshing native plugins compatible for Editor in 6.06 ms, found 4 plugins.
Native extension for UWP target not found
Native extension for WindowsStandalone target not found
Mono: successfully reloaded assembly
- Finished resetting the current domain, in  6.407 seconds
Domain Reload Profiling: 9622ms
	BeginReloadAssembly (776ms)
		ExecutionOrderSort (0ms)
		DisableScriptedObjects (31ms)
		BackupInstance (0ms)
		ReleaseScriptingObjects (1ms)
		CreateAndSetChildDomain (201ms)
	RebuildCommonClasses (166ms)
	RebuildNativeTypeToScriptingClass (62ms)
	initialDomainReloadingComplete (140ms)
	LoadAllAssembliesAndSetupDomain (2070ms)
		LoadAssemblies (1652ms)
		RebuildTransferFunctionScriptingTraits (0ms)
		AnalyzeDomain (822ms)
			TypeCache.Refresh (33ms)
				TypeCache.ScanAssembly (3ms)
			BuildScriptInfoCaches (730ms)
			ResolveRequiredComponents (47ms)
	FinalizeReload (6409ms)
		ReleaseScriptCaches (0ms)
		RebuildScriptCaches (0ms)
		SetupLoadedEditorAssemblies (5060ms)
			LogAssemblyErrors (0ms)
			InitializePlatformSupportModulesInManaged (16ms)
			SetLoadedEditorAssemblies (26ms)
			BeforeProcessingInitializeOnLoad (1450ms)
			ProcessInitializeOnLoadAttributes (2193ms)
			ProcessInitializeOnLoadMethodAttributes (1361ms)
			AfterProcessingInitializeOnLoad (12ms)
			EditorAssembliesLoaded (3ms)
		ExecutionOrderSort2 (0ms)
		AwakeInstancesAfterBackupRestoration (528ms)
Refreshing native plugins compatible for Editor in 9.26 ms, found 4 plugins.
Preloading 1 native plugins for Editor in 0.18 ms.
Unloading 15 Unused Serialized files (Serialized files now loaded: 0)
Unloading 6981 unused Assets / (5.1 MB). Loaded Objects now: 7717.
Memory consumption went from 168.7 MB to 163.6 MB.
Total: 34.837100 ms (FindLiveObjects: 2.165100 ms CreateObjectMapping: 2.631200 ms MarkObjects: 21.911700 ms  DeleteObjects: 8.126100 ms)

Prepare: number of updated asset objects reloaded= 0
========================================================================
Received Prepare
Refreshing native plugins compatible for Editor in 4.90 ms, found 4 plugins.
Preloading 1 native plugins for Editor in 0.15 ms.
Unloading 13 Unused Serialized files (Serialized files now loaded: 0)
Unloading 6965 unused Assets / (5.4 MB). Loaded Objects now: 7717.
Memory consumption went from 163.5 MB to 158.1 MB.
Total: 107.860900 ms (FindLiveObjects: 1.778500 ms CreateObjectMapping: 2.320700 ms MarkObjects: 36.227800 ms  DeleteObjects: 67.529800 ms)

Prepare: number of updated asset objects reloaded= 0
========================================================================
Received Prepare
Begin MonoManager ReloadAssembly
Symbol file LoadedFromMemory is not a mono symbol file
- Loaded All Assemblies, in  3.186 seconds
Refreshing native plugins compatible for Editor in 6.85 ms, found 4 plugins.
Native extension for UWP target not found
Native extension for WindowsStandalone target not found
Mono: successfully reloaded assembly
- Finished resetting the current domain, in  5.867 seconds
Domain Reload Profiling: 9058ms
	BeginReloadAssembly (831ms)
		ExecutionOrderSort (0ms)
		DisableScriptedObjects (31ms)
		BackupInstance (0ms)
		ReleaseScriptingObjects (1ms)
		CreateAndSetChildDomain (206ms)
	RebuildCommonClasses (160ms)
	RebuildNativeTypeToScriptingClass (67ms)
	initialDomainReloadingComplete (117ms)
	LoadAllAssembliesAndSetupDomain (2014ms)
		LoadAssemblies (1721ms)
		RebuildTransferFunctionScriptingTraits (0ms)
		AnalyzeDomain (756ms)
			TypeCache.Refresh (32ms)
				TypeCache.ScanAssembly (2ms)
			BuildScriptInfoCaches (668ms)
			ResolveRequiredComponents (44ms)
	FinalizeReload (5869ms)
		ReleaseScriptCaches (0ms)
		RebuildScriptCaches (0ms)
		SetupLoadedEditorAssemblies (4528ms)
			LogAssemblyErrors (0ms)
			InitializePlatformSupportModulesInManaged (9ms)
			SetLoadedEditorAssemblies (27ms)
			BeforeProcessingInitializeOnLoad (1291ms)
			ProcessInitializeOnLoadAttributes (1851ms)
			ProcessInitializeOnLoadMethodAttributes (1334ms)
			AfterProcessingInitializeOnLoad (15ms)
			EditorAssembliesLoaded (1ms)
		ExecutionOrderSort2 (0ms)
		AwakeInstancesAfterBackupRestoration (294ms)
Refreshing native plugins compatible for Editor in 6.89 ms, found 4 plugins.
Preloading 1 native plugins for Editor in 0.21 ms.
Unloading 15 Unused Serialized files (Serialized files now loaded: 0)
Unloading 6981 unused Assets / (4.6 MB). Loaded Objects now: 7719.
Memory consumption went from 168.7 MB to 164.1 MB.
Total: 44.988100 ms (FindLiveObjects: 2.108500 ms CreateObjectMapping: 10.133400 ms MarkObjects: 23.391900 ms  DeleteObjects: 9.348700 ms)

Prepare: number of updated asset objects reloaded= 0
========================================================================
Received Import Request.
  Time since last request: 1061.106055 seconds.
  path: Assets/Revisione/bv_scripts/Es1/AgentBTree.asset
  artifactKey: Guid(6644534de4021264697059f1fedc6ebf) Importer(815301076,1909f56bfc062723c751e8b465ee728b)
Start importing Assets/Revisione/bv_scripts/Es1/AgentBTree.asset using Guid(6644534de4021264697059f1fedc6ebf) Importer(815301076,1909f56bfc062723c751e8b465ee728b) (PreviewImporter) -> (artifact id: '0043d2514e2df58d7b166f0421f654cb') in 0.4345002 seconds
Number of updated asset objects reloaded before import = 5Number of asset objects unloaded after import = 0

========================================================================
Received Prepare
Begin MonoManager ReloadAssembly
Symbol file LoadedFromMemory is not a mono symbol file
- Loaded All Assemblies, in  3.235 seconds
Refreshing native plugins compatible for Editor in 8.65 ms, found 4 plugins.
Native extension for UWP target not found
Native extension for WindowsStandalone target not found
Mono: successfully reloaded assembly
- Finished resetting the current domain, in  6.094 seconds
Domain Reload Profiling: 9335ms
	BeginReloadAssembly (861ms)
		ExecutionOrderSort (0ms)
		DisableScriptedObjects (34ms)
		BackupInstance (0ms)
		ReleaseScriptingObjects (0ms)
		CreateAndSetChildDomain (251ms)
	RebuildCommonClasses (149ms)
	RebuildNativeTypeToScriptingClass (57ms)
	initialDomainReloadingComplete (121ms)
	LoadAllAssembliesAndSetupDomain (2050ms)
		LoadAssemblies (1639ms)
		RebuildTransferFunctionScriptingTraits (0ms)
		AnalyzeDomain (825ms)
			TypeCache.Refresh (18ms)
				TypeCache.ScanAssembly (0ms)
			BuildScriptInfoCaches (746ms)
			ResolveRequiredComponents (48ms)
	FinalizeReload (6096ms)
		ReleaseScriptCaches (0ms)
		RebuildScriptCaches (0ms)
		SetupLoadedEditorAssemblies (4799ms)
			LogAssemblyErrors (0ms)
			InitializePlatformSupportModulesInManaged (10ms)
			SetLoadedEditorAssemblies (24ms)
			BeforeProcessingInitializeOnLoad (1233ms)
			ProcessInitializeOnLoadAttributes (2082ms)
			ProcessInitializeOnLoadMethodAttributes (1436ms)
			AfterProcessingInitializeOnLoad (12ms)
			EditorAssembliesLoaded (2ms)
		ExecutionOrderSort2 (0ms)
		AwakeInstancesAfterBackupRestoration (347ms)
Refreshing native plugins compatible for Editor in 5.11 ms, found 4 plugins.
Preloading 1 native plugins for Editor in 0.12 ms.
Unloading 15 Unused Serialized files (Serialized files now loaded: 0)
Unloading 6981 unused Assets / (4.8 MB). Loaded Objects now: 7721.
Memory consumption went from 163.6 MB to 158.8 MB.
Total: 27.963100 ms (FindLiveObjects: 2.117900 ms CreateObjectMapping: 3.058300 ms MarkObjects: 15.515300 ms  DeleteObjects: 7.268100 ms)

Prepare: number of updated asset objects reloaded= 0
========================================================================
Received Prepare
Begin MonoManager ReloadAssembly
Symbol file LoadedFromMemory is not a mono symbol file
- Loaded All Assemblies, in  3.129 seconds
Refreshing native plugins compatible for Editor in 7.13 ms, found 4 plugins.
Native extension for UWP target not found
Native extension for WindowsStandalone target not found
Mono: successfully reloaded assembly
- Finished resetting the current domain, in  5.933 seconds
Domain Reload Profiling: 9067ms
	BeginReloadAssembly (826ms)
		ExecutionOrderSort (0ms)
		DisableScriptedObjects (30ms)
		BackupInstance (0ms)
		ReleaseScriptingObjects (0ms)
		CreateAndSetChildDomain (205ms)
	RebuildCommonClasses (164ms)
	RebuildNativeTypeToScriptingClass (55ms)
	initialDomainReloadingComplete (111ms)
	LoadAllAssembliesAndSetupDomain (1976ms)
		LoadAssemblies (1590ms)
		RebuildTransferFunctionScriptingTraits (0ms)
		AnalyzeDomain (830ms)
			TypeCache.Refresh (21ms)
				TypeCache.ScanAssembly (0ms)
			BuildScriptInfoCaches (753ms)
			ResolveRequiredComponents (41ms)
	FinalizeReload (5935ms)
		ReleaseScriptCaches (0ms)
		RebuildScriptCaches (0ms)
		SetupLoadedEditorAssemblies (4559ms)
			LogAssemblyErrors (0ms)
			InitializePlatformSupportModulesInManaged (12ms)
			SetLoadedEditorAssemblies (29ms)
			BeforeProcessingInitializeOnLoad (1379ms)
			ProcessInitializeOnLoadAttributes (1771ms)
			ProcessInitializeOnLoadMethodAttributes (1346ms)
			AfterProcessingInitializeOnLoad (20ms)
			EditorAssembliesLoaded (1ms)
		ExecutionOrderSort2 (0ms)
		AwakeInstancesAfterBackupRestoration (333ms)
Refreshing native plugins compatible for Editor in 6.54 ms, found 4 plugins.
Preloading 1 native plugins for Editor in 0.29 ms.
Unloading 15 Unused Serialized files (Serialized files now loaded: 0)
Unloading 6981 unused Assets / (4.3 MB). Loaded Objects now: 7723.
Memory consumption went from 168.7 MB to 164.4 MB.
Total: 38.213200 ms (FindLiveObjects: 1.883400 ms CreateObjectMapping: 2.776400 ms MarkObjects: 24.612800 ms  DeleteObjects: 8.937300 ms)

Prepare: number of updated asset objects reloaded= 0
========================================================================
Received Prepare
Begin MonoManager ReloadAssembly
Symbol file LoadedFromMemory is not a mono symbol file
- Loaded All Assemblies, in  3.158 seconds
Refreshing native plugins compatible for Editor in 7.21 ms, found 4 plugins.
Native extension for UWP target not found
Native extension for WindowsStandalone target not found
Mono: successfully reloaded assembly
- Finished resetting the current domain, in  4.691 seconds
Domain Reload Profiling: 7855ms
	BeginReloadAssembly (808ms)
		ExecutionOrderSort (0ms)
		DisableScriptedObjects (27ms)
		BackupInstance (0ms)
		ReleaseScriptingObjects (0ms)
		CreateAndSetChildDomain (201ms)
	RebuildCommonClasses (144ms)
	RebuildNativeTypeToScriptingClass (52ms)
	initialDomainReloadingComplete (113ms)
	LoadAllAssembliesAndSetupDomain (2045ms)
		LoadAssemblies (1628ms)
		RebuildTransferFunctionScriptingTraits (0ms)
		AnalyzeDomain (854ms)
			TypeCache.Refresh (21ms)
				TypeCache.ScanAssembly (0ms)
			BuildScriptInfoCaches (765ms)
			ResolveRequiredComponents (55ms)
	FinalizeReload (4693ms)
		ReleaseScriptCaches (0ms)
		RebuildScriptCaches (0ms)
		SetupLoadedEditorAssemblies (3478ms)
			LogAssemblyErrors (0ms)
			InitializePlatformSupportModulesInManaged (12ms)
			SetLoadedEditorAssemblies (24ms)
			BeforeProcessingInitializeOnLoad (1471ms)
			ProcessInitializeOnLoadAttributes (1130ms)
			ProcessInitializeOnLoadMethodAttributes (825ms)
			AfterProcessingInitializeOnLoad (13ms)
			EditorAssembliesLoaded (1ms)
		ExecutionOrderSort2 (0ms)
		AwakeInstancesAfterBackupRestoration (310ms)
Refreshing native plugins compatible for Editor in 7.36 ms, found 4 plugins.
Preloading 1 native plugins for Editor in 0.22 ms.
Unloading 15 Unused Serialized files (Serialized files now loaded: 0)
Unloading 6981 unused Assets / (4.9 MB). Loaded Objects now: 7725.
Memory consumption went from 158.5 MB to 153.6 MB.
Total: 39.153200 ms (FindLiveObjects: 2.017900 ms CreateObjectMapping: 2.665600 ms MarkObjects: 22.989900 ms  DeleteObjects: 11.476100 ms)

Prepare: number of updated asset objects reloaded= 0
========================================================================
Received Prepare
Begin MonoManager ReloadAssembly
Symbol file LoadedFromMemory is not a mono symbol file
- Loaded All Assemblies, in  3.184 seconds
Refreshing native plugins compatible for Editor in 6.38 ms, found 4 plugins.
Native extension for UWP target not found
Native extension for WindowsStandalone target not found
Mono: successfully reloaded assembly
- Finished resetting the current domain, in  6.574 seconds
Domain Reload Profiling: 9765ms
	BeginReloadAssembly (767ms)
		ExecutionOrderSort (0ms)
		DisableScriptedObjects (26ms)
		BackupInstance (0ms)
		ReleaseScriptingObjects (0ms)
		CreateAndSetChildDomain (189ms)
	RebuildCommonClasses (161ms)
	RebuildNativeTypeToScriptingClass (66ms)
	initialDomainReloadingComplete (105ms)
	LoadAllAssembliesAndSetupDomain (2089ms)
		LoadAssemblies (1622ms)
		RebuildTransferFunctionScriptingTraits (0ms)
		AnalyzeDomain (885ms)
			TypeCache.Refresh (19ms)
				TypeCache.ScanAssembly (0ms)
			BuildScriptInfoCaches (802ms)
			ResolveRequiredComponents (52ms)
	FinalizeReload (6576ms)
		ReleaseScriptCaches (0ms)
		RebuildScriptCaches (0ms)
		SetupLoadedEditorAssemblies (5295ms)
			LogAssemblyErrors (0ms)
			InitializePlatformSupportModulesInManaged (10ms)
			SetLoadedEditorAssemblies (23ms)
			BeforeProcessingInitializeOnLoad (1379ms)
			ProcessInitializeOnLoadAttributes (2435ms)
			ProcessInitializeOnLoadMethodAttributes (1434ms)
			AfterProcessingInitializeOnLoad (12ms)
			EditorAssembliesLoaded (2ms)
		ExecutionOrderSort2 (0ms)
		AwakeInstancesAfterBackupRestoration (370ms)
Refreshing native plugins compatible for Editor in 10.22 ms, found 4 plugins.
Preloading 1 native plugins for Editor in 0.23 ms.
Unloading 15 Unused Serialized files (Serialized files now loaded: 0)
Unloading 6981 unused Assets / (5.6 MB). Loaded Objects now: 7727.
Memory consumption went from 163.6 MB to 158.1 MB.
Total: 45.032600 ms (FindLiveObjects: 2.339400 ms CreateObjectMapping: 3.576500 ms MarkObjects: 26.110300 ms  DeleteObjects: 13.002400 ms)

Prepare: number of updated asset objects reloaded= 5
========================================================================
Received Prepare
Begin MonoManager ReloadAssembly
Symbol file LoadedFromMemory is not a mono symbol file
- Loaded All Assemblies, in  3.064 seconds
Refreshing native plugins compatible for Editor in 8.56 ms, found 4 plugins.
Native extension for UWP target not found
Native extension for WindowsStandalone target not found
Mono: successfully reloaded assembly
- Finished resetting the current domain, in  6.043 seconds
Domain Reload Profiling: 9114ms
	BeginReloadAssembly (782ms)
		ExecutionOrderSort (0ms)
		DisableScriptedObjects (35ms)
		BackupInstance (0ms)
		ReleaseScriptingObjects (0ms)
		CreateAndSetChildDomain (190ms)
	RebuildCommonClasses (156ms)
	RebuildNativeTypeToScriptingClass (57ms)
	initialDomainReloadingComplete (110ms)
	LoadAllAssembliesAndSetupDomain (1963ms)
		LoadAssemblies (1552ms)
		RebuildTransferFunctionScriptingTraits (0ms)
		AnalyzeDomain (821ms)
			TypeCache.Refresh (19ms)
				TypeCache.ScanAssembly (0ms)
			BuildScriptInfoCaches (736ms)
			ResolveRequiredComponents (48ms)
	FinalizeReload (6046ms)
		ReleaseScriptCaches (0ms)
		RebuildScriptCaches (0ms)
		SetupLoadedEditorAssemblies (4704ms)
			LogAssemblyErrors (0ms)
			InitializePlatformSupportModulesInManaged (14ms)
			SetLoadedEditorAssemblies (41ms)
			BeforeProcessingInitializeOnLoad (1264ms)
			ProcessInitializeOnLoadAttributes (2004ms)
			ProcessInitializeOnLoadMethodAttributes (1356ms)
			AfterProcessingInitializeOnLoad (21ms)
			EditorAssembliesLoaded (4ms)
		ExecutionOrderSort2 (0ms)
		AwakeInstancesAfterBackupRestoration (357ms)
Refreshing native plugins compatible for Editor in 4.16 ms, found 4 plugins.
Preloading 1 native plugins for Editor in 0.15 ms.
Unloading 15 Unused Serialized files (Serialized files now loaded: 0)
Unloading 6981 unused Assets / (4.9 MB). Loaded Objects now: 7729.
Memory consumption went from 168.8 MB to 163.9 MB.
Total: 28.989900 ms (FindLiveObjects: 1.823900 ms CreateObjectMapping: 3.297200 ms MarkObjects: 15.072100 ms  DeleteObjects: 8.792700 ms)

Prepare: number of updated asset objects reloaded= 11
========================================================================
Received Prepare
Begin MonoManager ReloadAssembly
Symbol file LoadedFromMemory is not a mono symbol file
- Loaded All Assemblies, in  3.028 seconds
Refreshing native plugins compatible for Editor in 9.10 ms, found 4 plugins.
Native extension for UWP target not found
Native extension for WindowsStandalone target not found
Mono: successfully reloaded assembly
- Finished resetting the current domain, in  6.352 seconds
Domain Reload Profiling: 9387ms
	BeginReloadAssembly (774ms)
		ExecutionOrderSort (0ms)
		DisableScriptedObjects (31ms)
		BackupInstance (0ms)
		ReleaseScriptingObjects (0ms)
		CreateAndSetChildDomain (191ms)
	RebuildCommonClasses (146ms)
	RebuildNativeTypeToScriptingClass (49ms)
	initialDomainReloadingComplete (105ms)
	LoadAllAssembliesAndSetupDomain (1958ms)
		LoadAssemblies (1565ms)
		RebuildTransferFunctionScriptingTraits (0ms)
		AnalyzeDomain (800ms)
			TypeCache.Refresh (20ms)
				TypeCache.ScanAssembly (0ms)
			BuildScriptInfoCaches (718ms)
			ResolveRequiredComponents (47ms)
	FinalizeReload (6354ms)
		ReleaseScriptCaches (0ms)
		RebuildScriptCaches (0ms)
		SetupLoadedEditorAssemblies (5001ms)
			LogAssemblyErrors (0ms)
			InitializePlatformSupportModulesInManaged (11ms)
			SetLoadedEditorAssemblies (27ms)
			BeforeProcessingInitializeOnLoad (1741ms)
			ProcessInitializeOnLoadAttributes (1812ms)
			ProcessInitializeOnLoadMethodAttributes (1395ms)
			AfterProcessingInitializeOnLoad (14ms)
			EditorAssembliesLoaded (1ms)
		ExecutionOrderSort2 (0ms)
		AwakeInstancesAfterBackupRestoration (328ms)
Refreshing native plugins compatible for Editor in 7.29 ms, found 4 plugins.
Preloading 1 native plugins for Editor in 0.22 ms.
Unloading 15 Unused Serialized files (Serialized files now loaded: 0)
Unloading 6981 unused Assets / (4.6 MB). Loaded Objects now: 7731.
Memory consumption went from 168.8 MB to 164.2 MB.
Total: 39.027300 ms (FindLiveObjects: 2.024500 ms CreateObjectMapping: 2.595600 ms MarkObjects: 25.309200 ms  DeleteObjects: 9.095100 ms)

Prepare: number of updated asset objects reloaded= 0
========================================================================
Received Prepare
Begin MonoManager ReloadAssembly
Symbol file LoadedFromMemory is not a mono symbol file
- Loaded All Assemblies, in  3.313 seconds
Refreshing native plugins compatible for Editor in 9.31 ms, found 4 plugins.
Native extension for UWP target not found
Native extension for WindowsStandalone target not found
Mono: successfully reloaded assembly
- Finished resetting the current domain, in  4.712 seconds
Domain Reload Profiling: 8035ms
	BeginReloadAssembly (794ms)
		ExecutionOrderSort (0ms)
		DisableScriptedObjects (31ms)
		BackupInstance (0ms)
		ReleaseScriptingObjects (0ms)
		CreateAndSetChildDomain (203ms)
	RebuildCommonClasses (157ms)
	RebuildNativeTypeToScriptingClass (64ms)
	initialDomainReloadingComplete (117ms)
	LoadAllAssembliesAndSetupDomain (2189ms)
		LoadAssemblies (1743ms)
		RebuildTransferFunctionScriptingTraits (0ms)
		AnalyzeDomain (870ms)
			TypeCache.Refresh (21ms)
				TypeCache.ScanAssembly (0ms)
			BuildScriptInfoCaches (788ms)
			ResolveRequiredComponents (47ms)
	FinalizeReload (4715ms)
		ReleaseScriptCaches (0ms)
		RebuildScriptCaches (0ms)
		SetupLoadedEditorAssemblies (3536ms)
			LogAssemblyErrors (0ms)
			InitializePlatformSupportModulesInManaged (11ms)
			SetLoadedEditorAssemblies (25ms)
			BeforeProcessingInitializeOnLoad (1810ms)
			ProcessInitializeOnLoadAttributes (888ms)
			ProcessInitializeOnLoadMethodAttributes (797ms)
			AfterProcessingInitializeOnLoad (5ms)
			EditorAssembliesLoaded (1ms)
		ExecutionOrderSort2 (0ms)
		AwakeInstancesAfterBackupRestoration (246ms)
Refreshing native plugins compatible for Editor in 6.38 ms, found 4 plugins.
Preloading 1 native plugins for Editor in 0.19 ms.
Unloading 15 Unused Serialized files (Serialized files now loaded: 0)
Unloading 6981 unused Assets / (4.9 MB). Loaded Objects now: 7733.
Memory consumption went from 158.5 MB to 153.6 MB.
Total: 28.992300 ms (FindLiveObjects: 1.468100 ms CreateObjectMapping: 2.936100 ms MarkObjects: 16.590600 ms  DeleteObjects: 7.995000 ms)

Prepare: number of updated asset objects reloaded= 0
========================================================================
Received Prepare
Begin MonoManager ReloadAssembly
Symbol file LoadedFromMemory is not a mono symbol file
- Loaded All Assemblies, in  3.387 seconds
Refreshing native plugins compatible for Editor in 6.63 ms, found 4 plugins.
Native extension for UWP target not found
Native extension for WindowsStandalone target not found
Mono: successfully reloaded assembly
- Finished resetting the current domain, in  5.894 seconds
Domain Reload Profiling: 9285ms
	BeginReloadAssembly (1069ms)
		ExecutionOrderSort (0ms)
		DisableScriptedObjects (65ms)
		BackupInstance (0ms)
		ReleaseScriptingObjects (1ms)
		CreateAndSetChildDomain (324ms)
	RebuildCommonClasses (142ms)
	RebuildNativeTypeToScriptingClass (53ms)
	initialDomainReloadingComplete (105ms)
	LoadAllAssembliesAndSetupDomain (2020ms)
		LoadAssemblies (1659ms)
		RebuildTransferFunctionScriptingTraits (0ms)
		AnalyzeDomain (861ms)
			TypeCache.Refresh (22ms)
				TypeCache.ScanAssembly (0ms)
			BuildScriptInfoCaches (778ms)
			ResolveRequiredComponents (48ms)
	FinalizeReload (5896ms)
		ReleaseScriptCaches (0ms)
		RebuildScriptCaches (0ms)
		SetupLoadedEditorAssemblies (4613ms)
			LogAssemblyErrors (0ms)
			InitializePlatformSupportModulesInManaged (10ms)
			SetLoadedEditorAssemblies (25ms)
			BeforeProcessingInitializeOnLoad (1231ms)
			ProcessInitializeOnLoadAttributes (1947ms)
			ProcessInitializeOnLoadMethodAttributes (1388ms)
			AfterProcessingInitializeOnLoad (11ms)
			EditorAssembliesLoaded (1ms)
		ExecutionOrderSort2 (0ms)
		AwakeInstancesAfterBackupRestoration (330ms)
Refreshing native plugins compatible for Editor in 8.87 ms, found 4 plugins.
Preloading 1 native plugins for Editor in 0.31 ms.
Unloading 15 Unused Serialized files (Serialized files now loaded: 0)
Unloading 6981 unused Assets / (5.3 MB). Loaded Objects now: 7735.
Memory consumption went from 168.7 MB to 163.5 MB.
Total: 38.513500 ms (FindLiveObjects: 2.006100 ms CreateObjectMapping: 3.000100 ms MarkObjects: 22.776700 ms  DeleteObjects: 10.726700 ms)

Prepare: number of updated asset objects reloaded= 5
========================================================================
Received Prepare
Begin MonoManager ReloadAssembly
Symbol file LoadedFromMemory is not a mono symbol file
- Loaded All Assemblies, in  4.326 seconds
Refreshing native plugins compatible for Editor in 2.65 ms, found 4 plugins.
Unknown managed type referenced: Assembly-CSharp MoveToTargetAtSpeedAction
A scripted class has a different serialization layout when loading. (Read 1272 bytes but expected 4100 bytes)
Did you change any of your scripts when entering playmode?
Native extension for UWP target not found
Native extension for WindowsStandalone target not found
Mono: successfully reloaded assembly
- Finished resetting the current domain, in  3.294 seconds
Domain Reload Profiling: 7622ms
	BeginReloadAssembly (1012ms)
		ExecutionOrderSort (0ms)
		DisableScriptedObjects (56ms)
		BackupInstance (0ms)
		ReleaseScriptingObjects (1ms)
		CreateAndSetChildDomain (267ms)
	RebuildCommonClasses (171ms)
	RebuildNativeTypeToScriptingClass (60ms)
	initialDomainReloadingComplete (130ms)
	LoadAllAssembliesAndSetupDomain (2953ms)
		LoadAssemblies (2235ms)
		RebuildTransferFunctionScriptingTraits (0ms)
		AnalyzeDomain (1206ms)
			TypeCache.Refresh (46ms)
				TypeCache.ScanAssembly (2ms)
			BuildScriptInfoCaches (1125ms)
			ResolveRequiredComponents (27ms)
	FinalizeReload (3296ms)
		ReleaseScriptCaches (0ms)
		RebuildScriptCaches (0ms)
		SetupLoadedEditorAssemblies (2605ms)
			LogAssemblyErrors (0ms)
			InitializePlatformSupportModulesInManaged (4ms)
			SetLoadedEditorAssemblies (14ms)
			BeforeProcessingInitializeOnLoad (806ms)
			ProcessInitializeOnLoadAttributes (1149ms)
			ProcessInitializeOnLoadMethodAttributes (626ms)
			AfterProcessingInitializeOnLoad (5ms)
			EditorAssembliesLoaded (1ms)
		ExecutionOrderSort2 (0ms)
		AwakeInstancesAfterBackupRestoration (134ms)
Refreshing native plugins compatible for Editor in 5.41 ms, found 4 plugins.
Preloading 1 native plugins for Editor in 0.09 ms.
Unloading 13 Unused Serialized files (Serialized files now loaded: 0)
Unloading 6979 unused Assets / (4.9 MB). Loaded Objects now: 7736.
Memory consumption went from 168.6 MB to 163.7 MB.
Total: 28.354200 ms (FindLiveObjects: 1.460000 ms CreateObjectMapping: 2.145700 ms MarkObjects: 16.345400 ms  DeleteObjects: 8.399100 ms)

Prepare: number of updated asset objects reloaded= 5
