Using pre-set license
Built from '6000.0/staging' branch; Version is '6000.0.37f1 (090b7797214c) revision 592759'; Using compiler version '193933523'; Build Type 'Release'
OS: 'Windows 11  (10.0.26100) 64bit Core' Language: 'it' Physical Memory: 16147 MB
BatchMode: 1, IsHumanControllingUs: 0, StartBugReporterOnCrash: 0, Is64bit: 1, IsPro: 1

COMMAND LINE ARGUMENTS:
C:\Program Files\Unity\Hub\Editor\6000.0.37f1\Editor\Unity.exe
-adb2
-batchMode
-noUpm
-name
AssetImportWorker0
-projectPath
C:/Users/Nicho/BehaviourTreeLessons/BehaviorTree2025
-logFile
Logs/AssetImportWorker0.log
-srvPort
60737
-job-worker-count
7
-background-job-worker-count
8
-gc-helper-count
1
Successfully changed project path to: C:/Users/Nicho/BehaviourTreeLessons/BehaviorTree2025
C:/Users/Nicho/BehaviourTreeLessons/BehaviorTree2025
[UnityMemory] Configuration Parameters - Can be set up in boot.config
    "memorysetup-bucket-allocator-granularity=16"
    "memorysetup-bucket-allocator-bucket-count=8"
    "memorysetup-bucket-allocator-block-size=33554432"
    "memorysetup-bucket-allocator-block-count=8"
    "memorysetup-main-allocator-block-size=16777216"
    "memorysetup-thread-allocator-block-size=16777216"
    "memorysetup-gfx-main-allocator-block-size=16777216"
    "memorysetup-gfx-thread-allocator-block-size=16777216"
    "memorysetup-cache-allocator-block-size=4194304"
    "memorysetup-typetree-allocator-block-size=2097152"
    "memorysetup-profiler-bucket-allocator-granularity=16"
    "memorysetup-profiler-bucket-allocator-bucket-count=8"
    "memorysetup-profiler-bucket-allocator-block-size=33554432"
    "memorysetup-profiler-bucket-allocator-block-count=8"
    "memorysetup-profiler-allocator-block-size=16777216"
    "memorysetup-profiler-editor-allocator-block-size=1048576"
    "memorysetup-temp-allocator-size-main=16777216"
    "memorysetup-job-temp-allocator-block-size=2097152"
    "memorysetup-job-temp-allocator-block-size-background=1048576"
    "memorysetup-job-temp-allocator-reduction-small-platforms=262144"
    "memorysetup-allocator-temp-initial-block-size-main=262144"
    "memorysetup-allocator-temp-initial-block-size-worker=262144"
    "memorysetup-temp-allocator-size-background-worker=32768"
    "memorysetup-temp-allocator-size-job-worker=262144"
    "memorysetup-temp-allocator-size-preload-manager=33554432"
    "memorysetup-temp-allocator-size-nav-mesh-worker=65536"
    "memorysetup-temp-allocator-size-audio-worker=65536"
    "memorysetup-temp-allocator-size-cloud-worker=32768"
    "memorysetup-temp-allocator-size-gi-baking-worker=262144"
    "memorysetup-temp-allocator-size-gi-baking-worker=262144"
    "memorysetup-temp-allocator-size-gi-baking-worker=262144"
    "memorysetup-temp-allocator-size-gi-baking-worker=262144"
    "memorysetup-temp-allocator-size-gi-baking-worker=262144"
    "memorysetup-temp-allocator-size-gfx=262144"
Player connection [16552]  Target information:

Player connection [16552]  * "[IP] 192.168.1.62 [Port] 0 [Flags] 2 [Guid] 3690445064 [EditorId] 3690445064 [Version] 1048832 [Id] WindowsEditor(7,Portatile) [Debug] 1 [PackageName] WindowsEditor [ProjectName] Editor" 

Player connection [16552] Host joined multi-casting on [225.0.0.222:54997]...
Player connection [16552] Host joined alternative multi-casting on [225.0.0.222:34997]...
JobSystem: Creating JobQueue using job-worker-count value 7
Input System module state changed to: Initialized.
[Physics::Module] Initialized fallback backend.
[Physics::Module] Id: 0xdecafbad
Library Redirect Path: Library/
[Physics::Module] Selected backend.
[Physics::Module] Name: PhysX
[Physics::Module] Id: 0xf2b8ea05
[Physics::Module] SDK Version: 4.1.2
[Physics::Module] Integration Version: 1.0.0
[Physics::Module] Threading Mode: Multi-Threaded
Refreshing native plugins compatible for Editor in 4.80 ms, found 4 plugins.
Preloading 1 native plugins for Editor in 2.17 ms.
Initialize engine version: 6000.0.37f1 (090b7797214c)
[Subsystems] Discovering subsystems at path C:/Program Files/Unity/Hub/Editor/6000.0.37f1/Editor/Data/Resources/UnitySubsystems
[Subsystems] Discovering subsystems at path C:/Users/Nicho/BehaviourTreeLessons/BehaviorTree2025/Assets
GfxDevice: creating device client; kGfxThreadingModeNonThreaded
Direct3D:
    Version:  Direct3D 11.0 [level 11.1]
    Renderer: NVIDIA GeForce RTX 3060 Laptop GPU (ID=0x2520)
    Vendor:   NVIDIA
    VRAM:     5996 MB
    Driver:   32.0.15.6636
Shader 'TextMeshPro/Distance Field SSD': fallback shader 'TextMeshPro/Mobile/Distance Field' not found
Shader 'TextMeshPro/Distance Field': fallback shader 'TextMeshPro/Mobile/Distance Field' not found
Shader 'TextMeshPro/Distance Field Overlay': fallback shader 'TextMeshPro/Mobile/Distance Field' not found
Initialize mono
Mono path[0] = 'C:/Program Files/Unity/Hub/Editor/6000.0.37f1/Editor/Data/Managed'
Mono path[1] = 'C:/Program Files/Unity/Hub/Editor/6000.0.37f1/Editor/Data/MonoBleedingEdge/lib/mono/unityjit-win32'
Mono config path = 'C:/Program Files/Unity/Hub/Editor/6000.0.37f1/Editor/Data/MonoBleedingEdge/etc'
Using monoOptions --debugger-agent=transport=dt_socket,embedding=1,server=y,suspend=n,address=127.0.0.1:56784
Begin MonoManager ReloadAssembly
Registering precompiled unity dll's ...
Register platform support module: C:/Program Files/Unity/Hub/Editor/6000.0.37f1/Editor/Data/PlaybackEngines/WindowsStandaloneSupport/UnityEditor.WindowsStandalone.Extensions.dll
Registered in 0.002464 seconds.
- Loaded All Assemblies, in  0.353 seconds
Native extension for WindowsStandalone target not found
Mono: successfully reloaded assembly
- Finished resetting the current domain, in  0.307 seconds
Domain Reload Profiling: 658ms
	BeginReloadAssembly (118ms)
		ExecutionOrderSort (0ms)
		DisableScriptedObjects (0ms)
		BackupInstance (0ms)
		ReleaseScriptingObjects (0ms)
		CreateAndSetChildDomain (1ms)
	RebuildCommonClasses (35ms)
	RebuildNativeTypeToScriptingClass (11ms)
	initialDomainReloadingComplete (44ms)
	LoadAllAssembliesAndSetupDomain (143ms)
		LoadAssemblies (115ms)
		RebuildTransferFunctionScriptingTraits (0ms)
		AnalyzeDomain (140ms)
			TypeCache.Refresh (138ms)
				TypeCache.ScanAssembly (125ms)
			BuildScriptInfoCaches (0ms)
			ResolveRequiredComponents (0ms)
	FinalizeReload (307ms)
		ReleaseScriptCaches (0ms)
		RebuildScriptCaches (0ms)
		SetupLoadedEditorAssemblies (260ms)
			LogAssemblyErrors (0ms)
			InitializePlatformSupportModulesInManaged (25ms)
			SetLoadedEditorAssemblies (4ms)
			BeforeProcessingInitializeOnLoad (47ms)
			ProcessInitializeOnLoadAttributes (135ms)
			ProcessInitializeOnLoadMethodAttributes (49ms)
			AfterProcessingInitializeOnLoad (0ms)
			EditorAssembliesLoaded (0ms)
		ExecutionOrderSort2 (0ms)
		AwakeInstancesAfterBackupRestoration (0ms)
========================================================================
Worker process is ready to serve import requests
Import Worker Mode flag is 0x00
Begin MonoManager ReloadAssembly
Symbol file LoadedFromMemory is not a mono symbol file
- Loaded All Assemblies, in  0.765 seconds
Refreshing native plugins compatible for Editor in 1.90 ms, found 4 plugins.
Native extension for WindowsStandalone target not found
Mono: successfully reloaded assembly
- Finished resetting the current domain, in  0.878 seconds
Domain Reload Profiling: 1638ms
	BeginReloadAssembly (158ms)
		ExecutionOrderSort (0ms)
		DisableScriptedObjects (6ms)
		BackupInstance (0ms)
		ReleaseScriptingObjects (0ms)
		CreateAndSetChildDomain (28ms)
	RebuildCommonClasses (34ms)
	RebuildNativeTypeToScriptingClass (11ms)
	initialDomainReloadingComplete (39ms)
	LoadAllAssembliesAndSetupDomain (518ms)
		LoadAssemblies (340ms)
		RebuildTransferFunctionScriptingTraits (0ms)
		AnalyzeDomain (270ms)
			TypeCache.Refresh (203ms)
				TypeCache.ScanAssembly (183ms)
			BuildScriptInfoCaches (54ms)
			ResolveRequiredComponents (10ms)
	FinalizeReload (879ms)
		ReleaseScriptCaches (0ms)
		RebuildScriptCaches (0ms)
		SetupLoadedEditorAssemblies (732ms)
			LogAssemblyErrors (0ms)
			InitializePlatformSupportModulesInManaged (2ms)
			SetLoadedEditorAssemblies (3ms)
			BeforeProcessingInitializeOnLoad (125ms)
			ProcessInitializeOnLoadAttributes (340ms)
			ProcessInitializeOnLoadMethodAttributes (255ms)
			AfterProcessingInitializeOnLoad (5ms)
			EditorAssembliesLoaded (0ms)
		ExecutionOrderSort2 (0ms)
		AwakeInstancesAfterBackupRestoration (6ms)
Launched and connected shader compiler UnityShaderCompiler.exe after 0.01 seconds
Refreshing native plugins compatible for Editor in 2.26 ms, found 4 plugins.
Preloading 1 native plugins for Editor in 0.10 ms.
Unloading 221 Unused Serialized files (Serialized files now loaded: 0)
Unloading 6980 unused Assets / (4.7 MB). Loaded Objects now: 7682.
Memory consumption went from 181.7 MB to 177.0 MB.
Total: 12.640000 ms (FindLiveObjects: 0.900200 ms CreateObjectMapping: 1.448000 ms MarkObjects: 7.542200 ms  DeleteObjects: 2.748500 ms)

========================================================================
Received Import Request.
  Time since last request: 382800.728937 seconds.
  path: Assets/Revisione/ScenaRevisione.unity
  artifactKey: Guid(afe894f620c22f84da4b4c2f27ba7b18) Importer(815301076,1909f56bfc062723c751e8b465ee728b)
Start importing Assets/Revisione/ScenaRevisione.unity using Guid(afe894f620c22f84da4b4c2f27ba7b18) Importer(815301076,1909f56bfc062723c751e8b465ee728b) (PreviewImporter) -> (artifact id: '7fcba45f68763adb8d944d3542a189b5') in 0.0051677 seconds
Number of updated asset objects reloaded before import = 0Number of asset objects unloaded after import = 0

========================================================================
Received Prepare
Begin MonoManager ReloadAssembly
Symbol file LoadedFromMemory is not a mono symbol file
- Loaded All Assemblies, in  0.682 seconds
Refreshing native plugins compatible for Editor in 2.19 ms, found 4 plugins.
Native extension for WindowsStandalone target not found
Mono: successfully reloaded assembly
- Finished resetting the current domain, in  0.946 seconds
Domain Reload Profiling: 1627ms
	BeginReloadAssembly (191ms)
		ExecutionOrderSort (0ms)
		DisableScriptedObjects (5ms)
		BackupInstance (0ms)
		ReleaseScriptingObjects (0ms)
		CreateAndSetChildDomain (59ms)
	RebuildCommonClasses (31ms)
	RebuildNativeTypeToScriptingClass (11ms)
	initialDomainReloadingComplete (27ms)
	LoadAllAssembliesAndSetupDomain (421ms)
		LoadAssemblies (322ms)
		RebuildTransferFunctionScriptingTraits (0ms)
		AnalyzeDomain (184ms)
			TypeCache.Refresh (8ms)
				TypeCache.ScanAssembly (0ms)
			BuildScriptInfoCaches (163ms)
			ResolveRequiredComponents (10ms)
	FinalizeReload (946ms)
		ReleaseScriptCaches (0ms)
		RebuildScriptCaches (0ms)
		SetupLoadedEditorAssemblies (747ms)
			LogAssemblyErrors (0ms)
			InitializePlatformSupportModulesInManaged (2ms)
			SetLoadedEditorAssemblies (3ms)
			BeforeProcessingInitializeOnLoad (127ms)
			ProcessInitializeOnLoadAttributes (332ms)
			ProcessInitializeOnLoadMethodAttributes (276ms)
			AfterProcessingInitializeOnLoad (5ms)
			EditorAssembliesLoaded (0ms)
		ExecutionOrderSort2 (0ms)
		AwakeInstancesAfterBackupRestoration (13ms)
Refreshing native plugins compatible for Editor in 2.22 ms, found 4 plugins.
Preloading 1 native plugins for Editor in 0.08 ms.
Unloading 23 Unused Serialized files (Serialized files now loaded: 0)
Unloading 6978 unused Assets / (4.4 MB). Loaded Objects now: 7699.
Memory consumption went from 160.8 MB to 156.3 MB.
Total: 10.187500 ms (FindLiveObjects: 0.859200 ms CreateObjectMapping: 0.643700 ms MarkObjects: 5.975900 ms  DeleteObjects: 2.707300 ms)

Prepare: number of updated asset objects reloaded= 0
========================================================================
Received Import Request.
  Time since last request: 106.389518 seconds.
  path: Assets/Revisione/Scripts
  artifactKey: Guid(05c90d918fb670c4ca16e8fca074a607) Importer(815301076,1909f56bfc062723c751e8b465ee728b)
Start importing Assets/Revisione/Scripts using Guid(05c90d918fb670c4ca16e8fca074a607) Importer(815301076,1909f56bfc062723c751e8b465ee728b) (PreviewImporter) -> (artifact id: '523671c5daf1fa92d5e4f8de0d43e13f') in 0.0068568 seconds
Number of updated asset objects reloaded before import = 0Number of asset objects unloaded after import = 0

========================================================================
Received Import Request.
  Time since last request: 1.346084 seconds.
  path: Assets/Revisione/Scripts/BehaviorActions
  artifactKey: Guid(23830d5b58a40464aab36247ba44e059) Importer(815301076,1909f56bfc062723c751e8b465ee728b)
Start importing Assets/Revisione/Scripts/BehaviorActions using Guid(23830d5b58a40464aab36247ba44e059) Importer(815301076,1909f56bfc062723c751e8b465ee728b) (PreviewImporter) -> (artifact id: '8a1f9550c06323c7ddacaa7e15f23613') in 0.0006317 seconds
Number of updated asset objects reloaded before import = 0Number of asset objects unloaded after import = 0

========================================================================
Received Import Request.
  Time since last request: 0.552733 seconds.
  path: Assets/Revisione/Scripts/BehaviorActions/Important
  artifactKey: Guid(a3d127092a3f34244ad875c5e20aa5b8) Importer(815301076,1909f56bfc062723c751e8b465ee728b)
Start importing Assets/Revisione/Scripts/BehaviorActions/Important using Guid(a3d127092a3f34244ad875c5e20aa5b8) Importer(815301076,1909f56bfc062723c751e8b465ee728b) (PreviewImporter) -> (artifact id: '080fe2c8f5be033bd1939e284b1a36e4') in 0.000651 seconds
Number of updated asset objects reloaded before import = 0Number of asset objects unloaded after import = 0

========================================================================
Received Import Request.
  Time since last request: 8.331209 seconds.
  path: Assets/Revisione/Scripts/Crafting
  artifactKey: Guid(7415c5ee4c09dab41957b42541f6d55f) Importer(815301076,1909f56bfc062723c751e8b465ee728b)
Start importing Assets/Revisione/Scripts/Crafting using Guid(7415c5ee4c09dab41957b42541f6d55f) Importer(815301076,1909f56bfc062723c751e8b465ee728b) (PreviewImporter) -> (artifact id: '539659d0ed5781defe79f1d2d7e35ef3') in 0.0006775 seconds
Number of updated asset objects reloaded before import = 0Number of asset objects unloaded after import = 0

========================================================================
Received Import Request.
  Time since last request: 5.833962 seconds.
  path: Assets/Revisione/Scripts/Crafting/CurrentRecipe.cs
  artifactKey: Guid(a880f4907dca3aa4394370162b02e109) Importer(815301076,1909f56bfc062723c751e8b465ee728b)
Start importing Assets/Revisione/Scripts/Crafting/CurrentRecipe.cs using Guid(a880f4907dca3aa4394370162b02e109) Importer(815301076,1909f56bfc062723c751e8b465ee728b) (PreviewImporter) -> (artifact id: 'a5aa5b8c1f3442a854fb26c8b741c36a') in 0.0006773 seconds
Number of updated asset objects reloaded before import = 0Number of asset objects unloaded after import = 0

========================================================================
Received Import Request.
  Time since last request: 90.193214 seconds.
  path: Assets/Revisione/Scripts/Crafting/RecipeButton.cs
  artifactKey: Guid(c1a4dd794981dc641a7a6620180ab213) Importer(815301076,1909f56bfc062723c751e8b465ee728b)
Start importing Assets/Revisione/Scripts/Crafting/RecipeButton.cs using Guid(c1a4dd794981dc641a7a6620180ab213) Importer(815301076,1909f56bfc062723c751e8b465ee728b) (PreviewImporter) -> (artifact id: 'e3bcaa419ef44df6809eaa4252f0c743') in 0.0006837 seconds
Number of updated asset objects reloaded before import = 0Number of asset objects unloaded after import = 0

========================================================================
Received Import Request.
  Time since last request: 0.641196 seconds.
  path: Assets/Revisione/Scripts/Crafting/CraftingStations.cs
  artifactKey: Guid(41ef94fafab665748a99c237cc2aea5a) Importer(815301076,1909f56bfc062723c751e8b465ee728b)
Start importing Assets/Revisione/Scripts/Crafting/CraftingStations.cs using Guid(41ef94fafab665748a99c237cc2aea5a) Importer(815301076,1909f56bfc062723c751e8b465ee728b) (PreviewImporter) -> (artifact id: 'd7bbaba08ef104ba665713d64f5f457c') in 0.0007789 seconds
Number of updated asset objects reloaded before import = 0Number of asset objects unloaded after import = 0

========================================================================
Received Import Request.
  Time since last request: 34.575944 seconds.
  path: Assets/Revisione/Scripts/BehaviorActions/Important/GetDirectionBetweenAction.cs
  artifactKey: Guid(bbee994599f83fe448ec7010017f0746) Importer(815301076,1909f56bfc062723c751e8b465ee728b)
Start importing Assets/Revisione/Scripts/BehaviorActions/Important/GetDirectionBetweenAction.cs using Guid(bbee994599f83fe448ec7010017f0746) Importer(815301076,1909f56bfc062723c751e8b465ee728b) (PreviewImporter) -> (artifact id: 'bcf2ddd6c0b24bb6db71b80393bf61b7') in 0.0006069 seconds
Number of updated asset objects reloaded before import = 0Number of asset objects unloaded after import = 0

========================================================================
Received Import Request.
  Time since last request: 27.047200 seconds.
  path: Assets/Revisione/Scripts/BehaviorActions/Important/MoveTowardsAction.cs
  artifactKey: Guid(95975ded80c976242ad298e224710307) Importer(815301076,1909f56bfc062723c751e8b465ee728b)
Start importing Assets/Revisione/Scripts/BehaviorActions/Important/MoveTowardsAction.cs using Guid(95975ded80c976242ad298e224710307) Importer(815301076,1909f56bfc062723c751e8b465ee728b) (PreviewImporter) -> (artifact id: '9783f7e6b4d3e23f84233545e2209422') in 0.000765 seconds
Number of updated asset objects reloaded before import = 0Number of asset objects unloaded after import = 0

========================================================================
Received Import Request.
  Time since last request: 18.392605 seconds.
  path: Assets/Revisione/Scripts/BehaviorActions/Important/SetRandomFloatFromRangeAction.cs
  artifactKey: Guid(3172e98f5d95327449025ff549e88bf8) Importer(815301076,1909f56bfc062723c751e8b465ee728b)
Start importing Assets/Revisione/Scripts/BehaviorActions/Important/SetRandomFloatFromRangeAction.cs using Guid(3172e98f5d95327449025ff549e88bf8) Importer(815301076,1909f56bfc062723c751e8b465ee728b) (PreviewImporter) -> (artifact id: 'ff458a354d6bed963501a12b3636140f') in 0.0006652 seconds
Number of updated asset objects reloaded before import = 0Number of asset objects unloaded after import = 0

========================================================================
Received Import Request.
  Time since last request: 33.172085 seconds.
  path: Assets/Revisione/Scripts/BehaviorActions/Important/Behavior Graph.asset
  artifactKey: Guid(4b4c83b107425154ca232bdabc498060) Importer(815301076,1909f56bfc062723c751e8b465ee728b)
Start importing Assets/Revisione/Scripts/BehaviorActions/Important/Behavior Graph.asset using Guid(4b4c83b107425154ca232bdabc498060) Importer(815301076,1909f56bfc062723c751e8b465ee728b) (PreviewImporter) -> (artifact id: '626da01267e8be9b8ba89bc630a49c19') in 0.0759617 seconds
Number of updated asset objects reloaded before import = 0Number of asset objects unloaded after import = 4

========================================================================
Received Import Request.
  Time since last request: 1.855163 seconds.
  path: Assets/Revisione/Scripts/BehaviorActions/Important/Behavior Graph.asset
  artifactKey: Guid(4b4c83b107425154ca232bdabc498060) Importer(815301076,1909f56bfc062723c751e8b465ee728b)
Start importing Assets/Revisione/Scripts/BehaviorActions/Important/Behavior Graph.asset using Guid(4b4c83b107425154ca232bdabc498060) Importer(815301076,1909f56bfc062723c751e8b465ee728b) (PreviewImporter) -> (artifact id: '37c19341e52f9246a74db3f88eb14e5e') in 0.0059217 seconds
Number of updated asset objects reloaded before import = 0Number of asset objects unloaded after import = 6

========================================================================
Received Import Request.
  Time since last request: 2.746666 seconds.
  path: Assets/Revisione/Scripts/BehaviorActions/Important/Behavior Graph.asset
  artifactKey: Guid(4b4c83b107425154ca232bdabc498060) Importer(815301076,1909f56bfc062723c751e8b465ee728b)
Start importing Assets/Revisione/Scripts/BehaviorActions/Important/Behavior Graph.asset using Guid(4b4c83b107425154ca232bdabc498060) Importer(815301076,1909f56bfc062723c751e8b465ee728b) (PreviewImporter) -> (artifact id: '78615bc47d870ecb3afd66fc487f45ff') in 0.0043058 seconds
Number of updated asset objects reloaded before import = 0Number of asset objects unloaded after import = 6

========================================================================
Received Import Request.
  Time since last request: 2147.721015 seconds.
  path: Assets/Revisione/Prefabs
  artifactKey: Guid(9515cda0f590fe142acef6a7533496a2) Importer(815301076,1909f56bfc062723c751e8b465ee728b)
Start importing Assets/Revisione/Prefabs using Guid(9515cda0f590fe142acef6a7533496a2) Importer(815301076,1909f56bfc062723c751e8b465ee728b) (PreviewImporter) -> (artifact id: 'd79eb958cf24bb1b4f1d7162e37cd1a3') in 0.0049617 seconds
Number of updated asset objects reloaded before import = 0Number of asset objects unloaded after import = 0

========================================================================
Received Import Request.
  Time since last request: 29.209008 seconds.
  path: Assets/Revisione/Prefabs/Blackboard.asset
  artifactKey: Guid(6877e8c16f08a5544b7e94ab716d6dd0) Importer(815301076,1909f56bfc062723c751e8b465ee728b)
Start importing Assets/Revisione/Prefabs/Blackboard.asset using Guid(6877e8c16f08a5544b7e94ab716d6dd0) Importer(815301076,1909f56bfc062723c751e8b465ee728b) (PreviewImporter) -> (artifact id: '9f8da0429a3b8bb3bea8d02249b100b4') in 0.0106685 seconds
Number of updated asset objects reloaded before import = 0Number of asset objects unloaded after import = 3

========================================================================
Received Import Request.
  Time since last request: 12.080290 seconds.
  path: Assets/Revisione/Prefabs/Esericizio1Agent.asset
  artifactKey: Guid(4590c2fb9bca3124eae8565e4fff2bf6) Importer(815301076,1909f56bfc062723c751e8b465ee728b)
Start importing Assets/Revisione/Prefabs/Esericizio1Agent.asset using Guid(4590c2fb9bca3124eae8565e4fff2bf6) Importer(815301076,1909f56bfc062723c751e8b465ee728b) (PreviewImporter) -> (artifact id: 'ad1aa2a82f5248036c149653a73cb348') in 0.0054433 seconds
Number of updated asset objects reloaded before import = 0Number of asset objects unloaded after import = 4

========================================================================
Received Import Request.
  Time since last request: 11.548671 seconds.
  path: Assets/Revisione/Prefabs/Esericizio1Agent.asset
  artifactKey: Guid(4590c2fb9bca3124eae8565e4fff2bf6) Importer(815301076,1909f56bfc062723c751e8b465ee728b)
Start importing Assets/Revisione/Prefabs/Esericizio1Agent.asset using Guid(4590c2fb9bca3124eae8565e4fff2bf6) Importer(815301076,1909f56bfc062723c751e8b465ee728b) (PreviewImporter) -> (artifact id: 'f798f4cd6051b959b3262fc9d39f8617') in 0.0055548 seconds
Number of updated asset objects reloaded before import = 0Number of asset objects unloaded after import = 6

========================================================================
Received Import Request.
  Time since last request: 13.108334 seconds.
  path: Assets/Revisione/Prefabs/Esericizio1Agent.asset
  artifactKey: Guid(4590c2fb9bca3124eae8565e4fff2bf6) Importer(815301076,1909f56bfc062723c751e8b465ee728b)
Start importing Assets/Revisione/Prefabs/Esericizio1Agent.asset using Guid(4590c2fb9bca3124eae8565e4fff2bf6) Importer(815301076,1909f56bfc062723c751e8b465ee728b) (PreviewImporter) -> (artifact id: '7ebe157c12ae4d2ae8eb1fbd450253ce') in 0.0229957 seconds
Number of updated asset objects reloaded before import = 0Number of asset objects unloaded after import = 6

========================================================================
Received Prepare
Refreshing native plugins compatible for Editor in 2.86 ms, found 4 plugins.
Preloading 1 native plugins for Editor in 0.13 ms.
Unloading 13 Unused Serialized files (Serialized files now loaded: 0)
Unloading 6964 unused Assets / (4.1 MB). Loaded Objects now: 7702.
Memory consumption went from 164.5 MB to 160.3 MB.
Total: 67.726700 ms (FindLiveObjects: 1.503900 ms CreateObjectMapping: 0.940800 ms MarkObjects: 61.775300 ms  DeleteObjects: 3.503800 ms)

Prepare: number of updated asset objects reloaded= 0
========================================================================
Received Prepare
Begin MonoManager ReloadAssembly
Symbol file LoadedFromMemory is not a mono symbol file
- Loaded All Assemblies, in  2.139 seconds
Refreshing native plugins compatible for Editor in 2.38 ms, found 4 plugins.
Native extension for WindowsStandalone target not found
Mono: successfully reloaded assembly
- Finished resetting the current domain, in  0.939 seconds
Domain Reload Profiling: 3077ms
	BeginReloadAssembly (322ms)
		ExecutionOrderSort (0ms)
		DisableScriptedObjects (14ms)
		BackupInstance (0ms)
		ReleaseScriptingObjects (0ms)
		CreateAndSetChildDomain (128ms)
	RebuildCommonClasses (40ms)
	RebuildNativeTypeToScriptingClass (14ms)
	initialDomainReloadingComplete (41ms)
	LoadAllAssembliesAndSetupDomain (1722ms)
		LoadAssemblies (1621ms)
		RebuildTransferFunctionScriptingTraits (0ms)
		AnalyzeDomain (221ms)
			TypeCache.Refresh (15ms)
				TypeCache.ScanAssembly (1ms)
			BuildScriptInfoCaches (190ms)
			ResolveRequiredComponents (10ms)
	FinalizeReload (939ms)
		ReleaseScriptCaches (0ms)
		RebuildScriptCaches (0ms)
		SetupLoadedEditorAssemblies (683ms)
			LogAssemblyErrors (0ms)
			InitializePlatformSupportModulesInManaged (2ms)
			SetLoadedEditorAssemblies (4ms)
			BeforeProcessingInitializeOnLoad (134ms)
			ProcessInitializeOnLoadAttributes (302ms)
			ProcessInitializeOnLoadMethodAttributes (235ms)
			AfterProcessingInitializeOnLoad (6ms)
			EditorAssembliesLoaded (0ms)
		ExecutionOrderSort2 (0ms)
		AwakeInstancesAfterBackupRestoration (14ms)
Refreshing native plugins compatible for Editor in 2.02 ms, found 4 plugins.
Preloading 1 native plugins for Editor in 0.08 ms.
Unloading 15 Unused Serialized files (Serialized files now loaded: 0)
Unloading 6980 unused Assets / (4.5 MB). Loaded Objects now: 7710.
Memory consumption went from 169.6 MB to 165.1 MB.
Total: 9.802200 ms (FindLiveObjects: 0.880900 ms CreateObjectMapping: 0.634300 ms MarkObjects: 5.957200 ms  DeleteObjects: 2.329000 ms)

Prepare: number of updated asset objects reloaded= 0
========================================================================
Received Prepare
Refreshing native plugins compatible for Editor in 2.29 ms, found 4 plugins.
Preloading 1 native plugins for Editor in 0.11 ms.
Unloading 13 Unused Serialized files (Serialized files now loaded: 0)
Unloading 6964 unused Assets / (4.7 MB). Loaded Objects now: 7710.
Memory consumption went from 164.5 MB to 159.8 MB.
Total: 12.325100 ms (FindLiveObjects: 0.727400 ms CreateObjectMapping: 0.729400 ms MarkObjects: 7.883800 ms  DeleteObjects: 2.982700 ms)

Prepare: number of updated asset objects reloaded= 5
========================================================================
Received Prepare
Begin MonoManager ReloadAssembly
Symbol file LoadedFromMemory is not a mono symbol file
- Loaded All Assemblies, in  0.763 seconds
Refreshing native plugins compatible for Editor in 2.64 ms, found 4 plugins.
Native extension for WindowsStandalone target not found
Mono: successfully reloaded assembly
- Finished resetting the current domain, in  0.955 seconds
Domain Reload Profiling: 1719ms
	BeginReloadAssembly (206ms)
		ExecutionOrderSort (0ms)
		DisableScriptedObjects (6ms)
		BackupInstance (0ms)
		ReleaseScriptingObjects (0ms)
		CreateAndSetChildDomain (62ms)
	RebuildCommonClasses (37ms)
	RebuildNativeTypeToScriptingClass (12ms)
	initialDomainReloadingComplete (28ms)
	LoadAllAssembliesAndSetupDomain (480ms)
		LoadAssemblies (361ms)
		RebuildTransferFunctionScriptingTraits (0ms)
		AnalyzeDomain (212ms)
			TypeCache.Refresh (12ms)
				TypeCache.ScanAssembly (0ms)
			BuildScriptInfoCaches (185ms)
			ResolveRequiredComponents (11ms)
	FinalizeReload (956ms)
		ReleaseScriptCaches (0ms)
		RebuildScriptCaches (0ms)
		SetupLoadedEditorAssemblies (691ms)
			LogAssemblyErrors (0ms)
			InitializePlatformSupportModulesInManaged (2ms)
			SetLoadedEditorAssemblies (3ms)
			BeforeProcessingInitializeOnLoad (128ms)
			ProcessInitializeOnLoadAttributes (304ms)
			ProcessInitializeOnLoadMethodAttributes (248ms)
			AfterProcessingInitializeOnLoad (5ms)
			EditorAssembliesLoaded (0ms)
		ExecutionOrderSort2 (0ms)
		AwakeInstancesAfterBackupRestoration (59ms)
Refreshing native plugins compatible for Editor in 2.10 ms, found 4 plugins.
Preloading 1 native plugins for Editor in 0.10 ms.
Unloading 15 Unused Serialized files (Serialized files now loaded: 0)
Unloading 6980 unused Assets / (4.3 MB). Loaded Objects now: 7712.
Memory consumption went from 174.8 MB to 170.5 MB.
Total: 8.910100 ms (FindLiveObjects: 0.678500 ms CreateObjectMapping: 0.706700 ms MarkObjects: 5.402400 ms  DeleteObjects: 2.121400 ms)

Prepare: number of updated asset objects reloaded= 0
========================================================================
Received Import Request.
  Time since last request: 536.005342 seconds.
  path: Assets/BehaviorActions/FindTargetAction.cs
  artifactKey: Guid(afae09be9466d4a4199b67a269f332e9) Importer(815301076,1909f56bfc062723c751e8b465ee728b)
Start importing Assets/BehaviorActions/FindTargetAction.cs using Guid(afae09be9466d4a4199b67a269f332e9) Importer(815301076,1909f56bfc062723c751e8b465ee728b) (PreviewImporter) -> (artifact id: 'a05120043a90c712e7000d41d0d81703') in 0.0522078 seconds
Number of updated asset objects reloaded before import = 0Number of asset objects unloaded after import = 0

========================================================================
Received Prepare
Refreshing native plugins compatible for Editor in 4.67 ms, found 4 plugins.
Preloading 1 native plugins for Editor in 0.14 ms.
Unloading 13 Unused Serialized files (Serialized files now loaded: 0)
Unloading 6963 unused Assets / (4.2 MB). Loaded Objects now: 7711.
Memory consumption went from 169.6 MB to 165.4 MB.
Total: 14.289600 ms (FindLiveObjects: 0.896000 ms CreateObjectMapping: 0.942500 ms MarkObjects: 8.832400 ms  DeleteObjects: 3.617500 ms)

Prepare: number of updated asset objects reloaded= 0
========================================================================
Received Prepare
Begin MonoManager ReloadAssembly
Symbol file LoadedFromMemory is not a mono symbol file
- Loaded All Assemblies, in  0.715 seconds
Refreshing native plugins compatible for Editor in 2.04 ms, found 4 plugins.
Unknown managed type referenced: Assembly-CSharp FindTargetAction
A scripted class has a different serialization layout when loading. (Read 1908 bytes but expected 1964 bytes)
Did you change any of your scripts when entering playmode?
Native extension for WindowsStandalone target not found
Mono: successfully reloaded assembly
- Finished resetting the current domain, in  0.945 seconds
Domain Reload Profiling: 1661ms
	BeginReloadAssembly (201ms)
		ExecutionOrderSort (0ms)
		DisableScriptedObjects (5ms)
		BackupInstance (0ms)
		ReleaseScriptingObjects (0ms)
		CreateAndSetChildDomain (60ms)
	RebuildCommonClasses (32ms)
	RebuildNativeTypeToScriptingClass (11ms)
	initialDomainReloadingComplete (27ms)
	LoadAllAssembliesAndSetupDomain (444ms)
		LoadAssemblies (330ms)
		RebuildTransferFunctionScriptingTraits (0ms)
		AnalyzeDomain (206ms)
			TypeCache.Refresh (11ms)
				TypeCache.ScanAssembly (0ms)
			BuildScriptInfoCaches (177ms)
			ResolveRequiredComponents (14ms)
	FinalizeReload (946ms)
		ReleaseScriptCaches (0ms)
		RebuildScriptCaches (0ms)
		SetupLoadedEditorAssemblies (675ms)
			LogAssemblyErrors (0ms)
			InitializePlatformSupportModulesInManaged (2ms)
			SetLoadedEditorAssemblies (3ms)
			BeforeProcessingInitializeOnLoad (125ms)
			ProcessInitializeOnLoadAttributes (309ms)
			ProcessInitializeOnLoadMethodAttributes (230ms)
			AfterProcessingInitializeOnLoad (5ms)
			EditorAssembliesLoaded (0ms)
		ExecutionOrderSort2 (0ms)
		AwakeInstancesAfterBackupRestoration (57ms)
Refreshing native plugins compatible for Editor in 2.10 ms, found 4 plugins.
Preloading 1 native plugins for Editor in 0.09 ms.
Unloading 15 Unused Serialized files (Serialized files now loaded: 0)
Unloading 6979 unused Assets / (4.3 MB). Loaded Objects now: 7713.
Memory consumption went from 176.7 MB to 172.4 MB.
Total: 9.966000 ms (FindLiveObjects: 0.710800 ms CreateObjectMapping: 0.628400 ms MarkObjects: 5.651700 ms  DeleteObjects: 2.973700 ms)

Prepare: number of updated asset objects reloaded= 0
========================================================================
Received Prepare
Refreshing native plugins compatible for Editor in 3.46 ms, found 4 plugins.
Preloading 1 native plugins for Editor in 0.14 ms.
Unloading 13 Unused Serialized files (Serialized files now loaded: 0)
Unloading 6964 unused Assets / (4.6 MB). Loaded Objects now: 7714.
Memory consumption went from 171.5 MB to 167.0 MB.
Total: 15.310400 ms (FindLiveObjects: 2.308200 ms CreateObjectMapping: 1.759300 ms MarkObjects: 7.143400 ms  DeleteObjects: 4.097700 ms)

Prepare: number of updated asset objects reloaded= 0
========================================================================
Received Prepare
Begin MonoManager ReloadAssembly
Symbol file LoadedFromMemory is not a mono symbol file
- Loaded All Assemblies, in  0.830 seconds
Refreshing native plugins compatible for Editor in 2.20 ms, found 4 plugins.
Release of invalid GC handle. The handle is from a previous domain. The release operation is skipped.
Release of invalid GC handle native callstack: 
0x00007ff8158998ad (Unity) StackWalker::ShowCallstack
0x00007ff8158a9869 (Unity) PlatformStacktrace::GetStacktrace
0x00007ff816b1658e (Unity) Stacktrace::GetStacktrace
0x00007ff81579ce55 (Unity) ScriptingGCHandle::Release
0x00007ff8157c6b8b (Unity) WeakRefInstanceTracker::Remove
0x00007ff8157c5e5a (Unity) ManagedReferencesRegistry::LookupInstanceByIDForReuse
0x00007ff81581e7b5 (Unity) ManagedReferencesTransferState::GetInstanceForReuse
0x00007ff81576d7c7 (Unity) SerializeTraits<RegisteredReferencedObject<0> >::Transfer<StreamedBinaryRead>
0x00007ff81576e9fb (Unity) SerializeTraits<ManagedReferencesTransferState>::Transfer<StreamedBinaryRead>
0x00007ff81577d43f (Unity) <lambda_580fa16bd23d18c3e466e7b58feca0a1>::operator()
0x00007ff815777718 (Unity) TransferScriptingObject<StreamedBinaryRead>
0x00007ff815778e93 (Unity) SerializableManagedRefTransfer::TransferScriptingObjectWithSerializedRefSupport<StreamedBinaryRead>
0x00007ff81578e916 (Unity) SerializableManagedRefTransfer::TransferBinaryInstanceOnly
0x00007ff815761c6e (Unity) SerializableManagedRefTransfer::RestoreBackupImpl<SerializableManagedRefBackupGenerator>
0x00007ff815761a95 (Unity) SerializableManagedRefTransfer::RestoreBackup<SerializableManagedRefBackupGenerator>
0x00007ff815841f8c (Unity) SerializableManagedRefsUtilities::RestoreBackups
0x00007ff815783904 (Unity) MonoManager::FinalizeReload
0x00007ff816cbbe65 (Unity) ScriptingInitializer::FinalizeReload
0x00007ff816d0b81f (Unity) AssetImportWorkerClient::ReloadScriptingDomain
0x00007ff816ce521c (Unity) <lambda_94302c41bc55323db1fed16712a08587>::operator()
0x00007ff816dc90de (Unity) asio::detail::completion_handler<core::mutable_function<void __cdecl(void)>,asio::io_context::basic_executor_type<std::allocator<void>,0> >::do_complete
0x00007ff816db696a (Unity) asio::detail::win_iocp_io_context::do_one
0x00007ff816db7cd4 (Unity) asio::detail::win_iocp_io_context::run
0x00007ff816dc76fc (Unity) IOService::Run
0x00007ff816d0f896 (Unity) RunAssetImportWorkerClientV2
0x00007ff816d0f95b (Unity) RunAssetImporterV2
0x00007ff816519988 (Unity) Application::InitializeProject
0x00007ff816b20ba5 (Unity) UnityMain
0x00007ff699b92fba (Unity) __scrt_common_main_seh
0x00007ff8ef69e8d7 (KERNEL32) BaseThreadInitThunk
0x00007ff8eff3bf6c (ntdll) RtlUserThreadStart
Release of invalid GC handle. The handle is from a previous domain. The release operation is skipped.
Release of invalid GC handle native callstack: 
0x00007ff8158998ad (Unity) StackWalker::ShowCallstack
0x00007ff8158a9869 (Unity) PlatformStacktrace::GetStacktrace
0x00007ff816b1658e (Unity) Stacktrace::GetStacktrace
0x00007ff81579ce55 (Unity) ScriptingGCHandle::Release
0x00007ff8157c6b8b (Unity) WeakRefInstanceTracker::Remove
0x00007ff8157c5e5a (Unity) ManagedReferencesRegistry::LookupInstanceByIDForReuse
0x00007ff81581e7b5 (Unity) ManagedReferencesTransferState::GetInstanceForReuse
0x00007ff81576d7c7 (Unity) SerializeTraits<RegisteredReferencedObject<0> >::Transfer<StreamedBinaryRead>
0x00007ff81576e9fb (Unity) SerializeTraits<ManagedReferencesTransferState>::Transfer<StreamedBinaryRead>
0x00007ff81577d43f (Unity) <lambda_580fa16bd23d18c3e466e7b58feca0a1>::operator()
0x00007ff815777718 (Unity) TransferScriptingObject<StreamedBinaryRead>
0x00007ff815778e93 (Unity) SerializableManagedRefTransfer::TransferScriptingObjectWithSerializedRefSupport<StreamedBinaryRead>
0x00007ff81578e916 (Unity) SerializableManagedRefTransfer::TransferBinaryInstanceOnly
0x00007ff815761c6e (Unity) SerializableManagedRefTransfer::RestoreBackupImpl<SerializableManagedRefBackupGenerator>
0x00007ff815761a95 (Unity) SerializableManagedRefTransfer::RestoreBackup<SerializableManagedRefBackupGenerator>
0x00007ff815841f8c (Unity) SerializableManagedRefsUtilities::RestoreBackups
0x00007ff815783904 (Unity) MonoManager::FinalizeReload
0x00007ff816cbbe65 (Unity) ScriptingInitializer::FinalizeReload
0x00007ff816d0b81f (Unity) AssetImportWorkerClient::ReloadScriptingDomain
0x00007ff816ce521c (Unity) <lambda_94302c41bc55323db1fed16712a08587>::operator()
0x00007ff816dc90de (Unity) asio::detail::completion_handler<core::mutable_function<void __cdecl(void)>,asio::io_context::basic_executor_type<std::allocator<void>,0> >::do_complete
0x00007ff816db696a (Unity) asio::detail::win_iocp_io_context::do_one
0x00007ff816db7cd4 (Unity) asio::detail::win_iocp_io_context::run
0x00007ff816dc76fc (Unity) IOService::Run
0x00007ff816d0f896 (Unity) RunAssetImportWorkerClientV2
0x00007ff816d0f95b (Unity) RunAssetImporterV2
0x00007ff816519988 (Unity) Application::InitializeProject
0x00007ff816b20ba5 (Unity) UnityMain
0x00007ff699b92fba (Unity) __scrt_common_main_seh
0x00007ff8ef69e8d7 (KERNEL32) BaseThreadInitThunk
0x00007ff8eff3bf6c (ntdll) RtlUserThreadStart
Release of invalid GC handle. The handle is from a previous domain. The release operation is skipped.
Release of invalid GC handle native callstack: 
0x00007ff8158998ad (Unity) StackWalker::ShowCallstack
0x00007ff8158a9869 (Unity) PlatformStacktrace::GetStacktrace
0x00007ff816b1658e (Unity) Stacktrace::GetStacktrace
0x00007ff81579ce55 (Unity) ScriptingGCHandle::Release
0x00007ff8157c6b8b (Unity) WeakRefInstanceTracker::Remove
0x00007ff8157c5e5a (Unity) ManagedReferencesRegistry::LookupInstanceByIDForReuse
0x00007ff81581e7b5 (Unity) ManagedReferencesTransferState::GetInstanceForReuse
0x00007ff81576d7c7 (Unity) SerializeTraits<RegisteredReferencedObject<0> >::Transfer<StreamedBinaryRead>
0x00007ff81576e9fb (Unity) SerializeTraits<ManagedReferencesTransferState>::Transfer<StreamedBinaryRead>
0x00007ff81577d43f (Unity) <lambda_580fa16bd23d18c3e466e7b58feca0a1>::operator()
0x00007ff815777718 (Unity) TransferScriptingObject<StreamedBinaryRead>
0x00007ff815778e93 (Unity) SerializableManagedRefTransfer::TransferScriptingObjectWithSerializedRefSupport<StreamedBinaryRead>
0x00007ff81578e916 (Unity) SerializableManagedRefTransfer::TransferBinaryInstanceOnly
0x00007ff815761c6e (Unity) SerializableManagedRefTransfer::RestoreBackupImpl<SerializableManagedRefBackupGenerator>
0x00007ff815761a95 (Unity) SerializableManagedRefTransfer::RestoreBackup<SerializableManagedRefBackupGenerator>
0x00007ff815841f8c (Unity) SerializableManagedRefsUtilities::RestoreBackups
0x00007ff815783904 (Unity) MonoManager::FinalizeReload
0x00007ff816cbbe65 (Unity) ScriptingInitializer::FinalizeReload
0x00007ff816d0b81f (Unity) AssetImportWorkerClient::ReloadScriptingDomain
0x00007ff816ce521c (Unity) <lambda_94302c41bc55323db1fed16712a08587>::operator()
0x00007ff816dc90de (Unity) asio::detail::completion_handler<core::mutable_function<void __cdecl(void)>,asio::io_context::basic_executor_type<std::allocator<void>,0> >::do_complete
0x00007ff816db696a (Unity) asio::detail::win_iocp_io_context::do_one
0x00007ff816db7cd4 (Unity) asio::detail::win_iocp_io_context::run
0x00007ff816dc76fc (Unity) IOService::Run
0x00007ff816d0f896 (Unity) RunAssetImportWorkerClientV2
0x00007ff816d0f95b (Unity) RunAssetImporterV2
0x00007ff816519988 (Unity) Application::InitializeProject
0x00007ff816b20ba5 (Unity) UnityMain
0x00007ff699b92fba (Unity) __scrt_common_main_seh
0x00007ff8ef69e8d7 (KERNEL32) BaseThreadInitThunk
0x00007ff8eff3bf6c (ntdll) RtlUserThreadStart
Release of invalid GC handle. The handle is from a previous domain. The release operation is skipped.
Release of invalid GC handle native callstack: 
0x00007ff8158998ad (Unity) StackWalker::ShowCallstack
0x00007ff8158a9869 (Unity) PlatformStacktrace::GetStacktrace
0x00007ff816b1658e (Unity) Stacktrace::GetStacktrace
0x00007ff81579ce55 (Unity) ScriptingGCHandle::Release
0x00007ff8157c6b8b (Unity) WeakRefInstanceTracker::Remove
0x00007ff8157c5e5a (Unity) ManagedReferencesRegistry::LookupInstanceByIDForReuse
0x00007ff81581e7b5 (Unity) ManagedReferencesTransferState::GetInstanceForReuse
0x00007ff81576d7c7 (Unity) SerializeTraits<RegisteredReferencedObject<0> >::Transfer<StreamedBinaryRead>
0x00007ff81576e9fb (Unity) SerializeTraits<ManagedReferencesTransferState>::Transfer<StreamedBinaryRead>
0x00007ff81577d43f (Unity) <lambda_580fa16bd23d18c3e466e7b58feca0a1>::operator()
0x00007ff815777718 (Unity) TransferScriptingObject<StreamedBinaryRead>
0x00007ff815778e93 (Unity) SerializableManagedRefTransfer::TransferScriptingObjectWithSerializedRefSupport<StreamedBinaryRead>
0x00007ff81578e916 (Unity) SerializableManagedRefTransfer::TransferBinaryInstanceOnly
0x00007ff815761c6e (Unity) SerializableManagedRefTransfer::RestoreBackupImpl<SerializableManagedRefBackupGenerator>
0x00007ff815761a95 (Unity) SerializableManagedRefTransfer::RestoreBackup<SerializableManagedRefBackupGenerator>
0x00007ff815841f8c (Unity) SerializableManagedRefsUtilities::RestoreBackups
0x00007ff815783904 (Unity) MonoManager::FinalizeReload
0x00007ff816cbbe65 (Unity) ScriptingInitializer::FinalizeReload
0x00007ff816d0b81f (Unity) AssetImportWorkerClient::ReloadScriptingDomain
0x00007ff816ce521c (Unity) <lambda_94302c41bc55323db1fed16712a08587>::operator()
0x00007ff816dc90de (Unity) asio::detail::completion_handler<core::mutable_function<void __cdecl(void)>,asio::io_context::basic_executor_type<std::allocator<void>,0> >::do_complete
0x00007ff816db696a (Unity) asio::detail::win_iocp_io_context::do_one
0x00007ff816db7cd4 (Unity) asio::detail::win_iocp_io_context::run
0x00007ff816dc76fc (Unity) IOService::Run
0x00007ff816d0f896 (Unity) RunAssetImportWorkerClientV2
0x00007ff816d0f95b (Unity) RunAssetImporterV2
0x00007ff816519988 (Unity) Application::InitializeProject
0x00007ff816b20ba5 (Unity) UnityMain
0x00007ff699b92fba (Unity) __scrt_common_main_seh
0x00007ff8ef69e8d7 (KERNEL32) BaseThreadInitThunk
0x00007ff8eff3bf6c (ntdll) RtlUserThreadStart
Release of invalid GC handle. The handle is from a previous domain. The release operation is skipped.
Release of invalid GC handle native callstack: 
0x00007ff8158998ad (Unity) StackWalker::ShowCallstack
0x00007ff8158a9869 (Unity) PlatformStacktrace::GetStacktrace
0x00007ff816b1658e (Unity) Stacktrace::GetStacktrace
0x00007ff81579ce55 (Unity) ScriptingGCHandle::Release
0x00007ff8157c6b8b (Unity) WeakRefInstanceTracker::Remove
0x00007ff8157c5e5a (Unity) ManagedReferencesRegistry::LookupInstanceByIDForReuse
0x00007ff81581e7b5 (Unity) ManagedReferencesTransferState::GetInstanceForReuse
0x00007ff81576d7c7 (Unity) SerializeTraits<RegisteredReferencedObject<0> >::Transfer<StreamedBinaryRead>
0x00007ff81576e9fb (Unity) SerializeTraits<ManagedReferencesTransferState>::Transfer<StreamedBinaryRead>
0x00007ff81577d43f (Unity) <lambda_580fa16bd23d18c3e466e7b58feca0a1>::operator()
0x00007ff815777718 (Unity) TransferScriptingObject<StreamedBinaryRead>
0x00007ff815778e93 (Unity) SerializableManagedRefTransfer::TransferScriptingObjectWithSerializedRefSupport<StreamedBinaryRead>
0x00007ff81578e916 (Unity) SerializableManagedRefTransfer::TransferBinaryInstanceOnly
0x00007ff815761c6e (Unity) SerializableManagedRefTransfer::RestoreBackupImpl<SerializableManagedRefBackupGenerator>
0x00007ff815761a95 (Unity) SerializableManagedRefTransfer::RestoreBackup<SerializableManagedRefBackupGenerator>
0x00007ff815841f8c (Unity) SerializableManagedRefsUtilities::RestoreBackups
0x00007ff815783904 (Unity) MonoManager::FinalizeReload
0x00007ff816cbbe65 (Unity) ScriptingInitializer::FinalizeReload
0x00007ff816d0b81f (Unity) AssetImportWorkerClient::ReloadScriptingDomain
0x00007ff816ce521c (Unity) <lambda_94302c41bc55323db1fed16712a08587>::operator()
0x00007ff816dc90de (Unity) asio::detail::completion_handler<core::mutable_function<void __cdecl(void)>,asio::io_context::basic_executor_type<std::allocator<void>,0> >::do_complete
0x00007ff816db696a (Unity) asio::detail::win_iocp_io_context::do_one
0x00007ff816db7cd4 (Unity) asio::detail::win_iocp_io_context::run
0x00007ff816dc76fc (Unity) IOService::Run
0x00007ff816d0f896 (Unity) RunAssetImportWorkerClientV2
0x00007ff816d0f95b (Unity) RunAssetImporterV2
0x00007ff816519988 (Unity) Application::InitializeProject
0x00007ff816b20ba5 (Unity) UnityMain
0x00007ff699b92fba (Unity) __scrt_common_main_seh
0x00007ff8ef69e8d7 (KERNEL32) BaseThreadInitThunk
0x00007ff8eff3bf6c (ntdll) RtlUserThreadStart
Release of invalid GC handle. The handle is from a previous domain. The release operation is skipped.
Release of invalid GC handle native callstack: 
0x00007ff8158998ad (Unity) StackWalker::ShowCallstack
0x00007ff8158a9869 (Unity) PlatformStacktrace::GetStacktrace
0x00007ff816b1658e (Unity) Stacktrace::GetStacktrace
0x00007ff81579ce55 (Unity) ScriptingGCHandle::Release
0x00007ff8157c6b8b (Unity) WeakRefInstanceTracker::Remove
0x00007ff8157c5e5a (Unity) ManagedReferencesRegistry::LookupInstanceByIDForReuse
0x00007ff81581e7b5 (Unity) ManagedReferencesTransferState::GetInstanceForReuse
0x00007ff81576d7c7 (Unity) SerializeTraits<RegisteredReferencedObject<0> >::Transfer<StreamedBinaryRead>
0x00007ff81576e9fb (Unity) SerializeTraits<ManagedReferencesTransferState>::Transfer<StreamedBinaryRead>
0x00007ff81577d43f (Unity) <lambda_580fa16bd23d18c3e466e7b58feca0a1>::operator()
0x00007ff815777718 (Unity) TransferScriptingObject<StreamedBinaryRead>
0x00007ff815778e93 (Unity) SerializableManagedRefTransfer::TransferScriptingObjectWithSerializedRefSupport<StreamedBinaryRead>
0x00007ff81578e916 (Unity) SerializableManagedRefTransfer::TransferBinaryInstanceOnly
0x00007ff815761c6e (Unity) SerializableManagedRefTransfer::RestoreBackupImpl<SerializableManagedRefBackupGenerator>
0x00007ff815761a95 (Unity) SerializableManagedRefTransfer::RestoreBackup<SerializableManagedRefBackupGenerator>
0x00007ff815841f8c (Unity) SerializableManagedRefsUtilities::RestoreBackups
0x00007ff815783904 (Unity) MonoManager::FinalizeReload
0x00007ff816cbbe65 (Unity) ScriptingInitializer::FinalizeReload
0x00007ff816d0b81f (Unity) AssetImportWorkerClient::ReloadScriptingDomain
0x00007ff816ce521c (Unity) <lambda_94302c41bc55323db1fed16712a08587>::operator()
0x00007ff816dc90de (Unity) asio::detail::completion_handler<core::mutable_function<void __cdecl(void)>,asio::io_context::basic_executor_type<std::allocator<void>,0> >::do_complete
0x00007ff816db696a (Unity) asio::detail::win_iocp_io_context::do_one
0x00007ff816db7cd4 (Unity) asio::detail::win_iocp_io_context::run
0x00007ff816dc76fc (Unity) IOService::Run
0x00007ff816d0f896 (Unity) RunAssetImportWorkerClientV2
0x00007ff816d0f95b (Unity) RunAssetImporterV2
0x00007ff816519988 (Unity) Application::InitializeProject
0x00007ff816b20ba5 (Unity) UnityMain
0x00007ff699b92fba (Unity) __scrt_common_main_seh
0x00007ff8ef69e8d7 (KERNEL32) BaseThreadInitThunk
0x00007ff8eff3bf6c (ntdll) RtlUserThreadStart
Release of invalid GC handle. The handle is from a previous domain. The release operation is skipped.
Release of invalid GC handle native callstack: 
0x00007ff8158998ad (Unity) StackWalker::ShowCallstack
0x00007ff8158a9869 (Unity) PlatformStacktrace::GetStacktrace
0x00007ff816b1658e (Unity) Stacktrace::GetStacktrace
0x00007ff81579ce55 (Unity) ScriptingGCHandle::Release
0x00007ff8157c6b8b (Unity) WeakRefInstanceTracker::Remove
0x00007ff8157c5e5a (Unity) ManagedReferencesRegistry::LookupInstanceByIDForReuse
0x00007ff81581e7b5 (Unity) ManagedReferencesTransferState::GetInstanceForReuse
0x00007ff81576d7c7 (Unity) SerializeTraits<RegisteredReferencedObject<0> >::Transfer<StreamedBinaryRead>
0x00007ff81576e9fb (Unity) SerializeTraits<ManagedReferencesTransferState>::Transfer<StreamedBinaryRead>
0x00007ff81577d43f (Unity) <lambda_580fa16bd23d18c3e466e7b58feca0a1>::operator()
0x00007ff815777718 (Unity) TransferScriptingObject<StreamedBinaryRead>
0x00007ff815778e93 (Unity) SerializableManagedRefTransfer::TransferScriptingObjectWithSerializedRefSupport<StreamedBinaryRead>
0x00007ff81578e916 (Unity) SerializableManagedRefTransfer::TransferBinaryInstanceOnly
0x00007ff815761c6e (Unity) SerializableManagedRefTransfer::RestoreBackupImpl<SerializableManagedRefBackupGenerator>
0x00007ff815761a95 (Unity) SerializableManagedRefTransfer::RestoreBackup<SerializableManagedRefBackupGenerator>
0x00007ff815841f8c (Unity) SerializableManagedRefsUtilities::RestoreBackups
0x00007ff815783904 (Unity) MonoManager::FinalizeReload
0x00007ff816cbbe65 (Unity) ScriptingInitializer::FinalizeReload
0x00007ff816d0b81f (Unity) AssetImportWorkerClient::ReloadScriptingDomain
0x00007ff816ce521c (Unity) <lambda_94302c41bc55323db1fed16712a08587>::operator()
0x00007ff816dc90de (Unity) asio::detail::completion_handler<core::mutable_function<void __cdecl(void)>,asio::io_context::basic_executor_type<std::allocator<void>,0> >::do_complete
0x00007ff816db696a (Unity) asio::detail::win_iocp_io_context::do_one
0x00007ff816db7cd4 (Unity) asio::detail::win_iocp_io_context::run
0x00007ff816dc76fc (Unity) IOService::Run
0x00007ff816d0f896 (Unity) RunAssetImportWorkerClientV2
0x00007ff816d0f95b (Unity) RunAssetImporterV2
0x00007ff816519988 (Unity) Application::InitializeProject
0x00007ff816b20ba5 (Unity) UnityMain
0x00007ff699b92fba (Unity) __scrt_common_main_seh
0x00007ff8ef69e8d7 (KERNEL32) BaseThreadInitThunk
0x00007ff8eff3bf6c (ntdll) RtlUserThreadStart
Release of invalid GC handle. The handle is from a previous domain. The release operation is skipped.
Release of invalid GC handle native callstack: 
0x00007ff8158998ad (Unity) StackWalker::ShowCallstack
0x00007ff8158a9869 (Unity) PlatformStacktrace::GetStacktrace
0x00007ff816b1658e (Unity) Stacktrace::GetStacktrace
0x00007ff81579ce55 (Unity) ScriptingGCHandle::Release
0x00007ff8157c6b8b (Unity) WeakRefInstanceTracker::Remove
0x00007ff8157c5e5a (Unity) ManagedReferencesRegistry::LookupInstanceByIDForReuse
0x00007ff81581e7b5 (Unity) ManagedReferencesTransferState::GetInstanceForReuse
0x00007ff81576d7c7 (Unity) SerializeTraits<RegisteredReferencedObject<0> >::Transfer<StreamedBinaryRead>
0x00007ff81576e9fb (Unity) SerializeTraits<ManagedReferencesTransferState>::Transfer<StreamedBinaryRead>
0x00007ff81577d43f (Unity) <lambda_580fa16bd23d18c3e466e7b58feca0a1>::operator()
0x00007ff815777718 (Unity) TransferScriptingObject<StreamedBinaryRead>
0x00007ff815778e93 (Unity) SerializableManagedRefTransfer::TransferScriptingObjectWithSerializedRefSupport<StreamedBinaryRead>
0x00007ff81578e916 (Unity) SerializableManagedRefTransfer::TransferBinaryInstanceOnly
0x00007ff815761c6e (Unity) SerializableManagedRefTransfer::RestoreBackupImpl<SerializableManagedRefBackupGenerator>
0x00007ff815761a95 (Unity) SerializableManagedRefTransfer::RestoreBackup<SerializableManagedRefBackupGenerator>
0x00007ff815841f8c (Unity) SerializableManagedRefsUtilities::RestoreBackups
0x00007ff815783904 (Unity) MonoManager::FinalizeReload
0x00007ff816cbbe65 (Unity) ScriptingInitializer::FinalizeReload
0x00007ff816d0b81f (Unity) AssetImportWorkerClient::ReloadScriptingDomain
0x00007ff816ce521c (Unity) <lambda_94302c41bc55323db1fed16712a08587>::operator()
0x00007ff816dc90de (Unity) asio::detail::completion_handler<core::mutable_function<void __cdecl(void)>,asio::io_context::basic_executor_type<std::allocator<void>,0> >::do_complete
0x00007ff816db696a (Unity) asio::detail::win_iocp_io_context::do_one
0x00007ff816db7cd4 (Unity) asio::detail::win_iocp_io_context::run
0x00007ff816dc76fc (Unity) IOService::Run
0x00007ff816d0f896 (Unity) RunAssetImportWorkerClientV2
0x00007ff816d0f95b (Unity) RunAssetImporterV2
0x00007ff816519988 (Unity) Application::InitializeProject
0x00007ff816b20ba5 (Unity) UnityMain
0x00007ff699b92fba (Unity) __scrt_common_main_seh
0x00007ff8ef69e8d7 (KERNEL32) BaseThreadInitThunk
0x00007ff8eff3bf6c (ntdll) RtlUserThreadStart
Release of invalid GC handle. The handle is from a previous domain. The release operation is skipped.
Release of invalid GC handle native callstack: 
0x00007ff8158998ad (Unity) StackWalker::ShowCallstack
0x00007ff8158a9869 (Unity) PlatformStacktrace::GetStacktrace
0x00007ff816b1658e (Unity) Stacktrace::GetStacktrace
0x00007ff81579ce55 (Unity) ScriptingGCHandle::Release
0x00007ff8157c6b8b (Unity) WeakRefInstanceTracker::Remove
0x00007ff8157c5e5a (Unity) ManagedReferencesRegistry::LookupInstanceByIDForReuse
0x00007ff81581e7b5 (Unity) ManagedReferencesTransferState::GetInstanceForReuse
0x00007ff81576d7c7 (Unity) SerializeTraits<RegisteredReferencedObject<0> >::Transfer<StreamedBinaryRead>
0x00007ff81576e9fb (Unity) SerializeTraits<ManagedReferencesTransferState>::Transfer<StreamedBinaryRead>
0x00007ff81577d43f (Unity) <lambda_580fa16bd23d18c3e466e7b58feca0a1>::operator()
0x00007ff815777718 (Unity) TransferScriptingObject<StreamedBinaryRead>
0x00007ff815778e93 (Unity) SerializableManagedRefTransfer::TransferScriptingObjectWithSerializedRefSupport<StreamedBinaryRead>
0x00007ff81578e916 (Unity) SerializableManagedRefTransfer::TransferBinaryInstanceOnly
0x00007ff815761c6e (Unity) SerializableManagedRefTransfer::RestoreBackupImpl<SerializableManagedRefBackupGenerator>
0x00007ff815761a95 (Unity) SerializableManagedRefTransfer::RestoreBackup<SerializableManagedRefBackupGenerator>
0x00007ff815841f8c (Unity) SerializableManagedRefsUtilities::RestoreBackups
0x00007ff815783904 (Unity) MonoManager::FinalizeReload
0x00007ff816cbbe65 (Unity) ScriptingInitializer::FinalizeReload
0x00007ff816d0b81f (Unity) AssetImportWorkerClient::ReloadScriptingDomain
0x00007ff816ce521c (Unity) <lambda_94302c41bc55323db1fed16712a08587>::operator()
0x00007ff816dc90de (Unity) asio::detail::completion_handler<core::mutable_function<void __cdecl(void)>,asio::io_context::basic_executor_type<std::allocator<void>,0> >::do_complete
0x00007ff816db696a (Unity) asio::detail::win_iocp_io_context::do_one
0x00007ff816db7cd4 (Unity) asio::detail::win_iocp_io_context::run
0x00007ff816dc76fc (Unity) IOService::Run
0x00007ff816d0f896 (Unity) RunAssetImportWorkerClientV2
0x00007ff816d0f95b (Unity) RunAssetImporterV2
0x00007ff816519988 (Unity) Application::InitializeProject
0x00007ff816b20ba5 (Unity) UnityMain
0x00007ff699b92fba (Unity) __scrt_common_main_seh
0x00007ff8ef69e8d7 (KERNEL32) BaseThreadInitThunk
0x00007ff8eff3bf6c (ntdll) RtlUserThreadStart
Release of invalid GC handle. The handle is from a previous domain. The release operation is skipped.
Release of invalid GC handle native callstack: 
0x00007ff8158998ad (Unity) StackWalker::ShowCallstack
0x00007ff8158a9869 (Unity) PlatformStacktrace::GetStacktrace
0x00007ff816b1658e (Unity) Stacktrace::GetStacktrace
0x00007ff81579ce55 (Unity) ScriptingGCHandle::Release
0x00007ff8157c6b8b (Unity) WeakRefInstanceTracker::Remove
0x00007ff8157c5e5a (Unity) ManagedReferencesRegistry::LookupInstanceByIDForReuse
0x00007ff81581e7b5 (Unity) ManagedReferencesTransferState::GetInstanceForReuse
0x00007ff81576d7c7 (Unity) SerializeTraits<RegisteredReferencedObject<0> >::Transfer<StreamedBinaryRead>
0x00007ff81576e9fb (Unity) SerializeTraits<ManagedReferencesTransferState>::Transfer<StreamedBinaryRead>
0x00007ff81577d43f (Unity) <lambda_580fa16bd23d18c3e466e7b58feca0a1>::operator()
0x00007ff815777718 (Unity) TransferScriptingObject<StreamedBinaryRead>
0x00007ff815778e93 (Unity) SerializableManagedRefTransfer::TransferScriptingObjectWithSerializedRefSupport<StreamedBinaryRead>
0x00007ff81578e916 (Unity) SerializableManagedRefTransfer::TransferBinaryInstanceOnly
0x00007ff815761c6e (Unity) SerializableManagedRefTransfer::RestoreBackupImpl<SerializableManagedRefBackupGenerator>
0x00007ff815761a95 (Unity) SerializableManagedRefTransfer::RestoreBackup<SerializableManagedRefBackupGenerator>
0x00007ff815841f8c (Unity) SerializableManagedRefsUtilities::RestoreBackups
0x00007ff815783904 (Unity) MonoManager::FinalizeReload
0x00007ff816cbbe65 (Unity) ScriptingInitializer::FinalizeReload
0x00007ff816d0b81f (Unity) AssetImportWorkerClient::ReloadScriptingDomain
0x00007ff816ce521c (Unity) <lambda_94302c41bc55323db1fed16712a08587>::operator()
0x00007ff816dc90de (Unity) asio::detail::completion_handler<core::mutable_function<void __cdecl(void)>,asio::io_context::basic_executor_type<std::allocator<void>,0> >::do_complete
0x00007ff816db696a (Unity) asio::detail::win_iocp_io_context::do_one
0x00007ff816db7cd4 (Unity) asio::detail::win_iocp_io_context::run
0x00007ff816dc76fc (Unity) IOService::Run
0x00007ff816d0f896 (Unity) RunAssetImportWorkerClientV2
0x00007ff816d0f95b (Unity) RunAssetImporterV2
0x00007ff816519988 (Unity) Application::InitializeProject
0x00007ff816b20ba5 (Unity) UnityMain
0x00007ff699b92fba (Unity) __scrt_common_main_seh
0x00007ff8ef69e8d7 (KERNEL32) BaseThreadInitThunk
0x00007ff8eff3bf6c (ntdll) RtlUserThreadStart
Release of invalid GC handle. The handle is from a previous domain. The release operation is skipped.
Release of invalid GC handle native callstack: 
0x00007ff8158998ad (Unity) StackWalker::ShowCallstack
0x00007ff8158a9869 (Unity) PlatformStacktrace::GetStacktrace
0x00007ff816b1658e (Unity) Stacktrace::GetStacktrace
0x00007ff81579ce55 (Unity) ScriptingGCHandle::Release
0x00007ff8157c6b8b (Unity) WeakRefInstanceTracker::Remove
0x00007ff8157c5e5a (Unity) ManagedReferencesRegistry::LookupInstanceByIDForReuse
0x00007ff81581e7b5 (Unity) ManagedReferencesTransferState::GetInstanceForReuse
0x00007ff81576d7c7 (Unity) SerializeTraits<RegisteredReferencedObject<0> >::Transfer<StreamedBinaryRead>
0x00007ff81576e9fb (Unity) SerializeTraits<ManagedReferencesTransferState>::Transfer<StreamedBinaryRead>
0x00007ff81577d43f (Unity) <lambda_580fa16bd23d18c3e466e7b58feca0a1>::operator()
0x00007ff815777718 (Unity) TransferScriptingObject<StreamedBinaryRead>
0x00007ff815778e93 (Unity) SerializableManagedRefTransfer::TransferScriptingObjectWithSerializedRefSupport<StreamedBinaryRead>
0x00007ff81578e916 (Unity) SerializableManagedRefTransfer::TransferBinaryInstanceOnly
0x00007ff815761c6e (Unity) SerializableManagedRefTransfer::RestoreBackupImpl<SerializableManagedRefBackupGenerator>
0x00007ff815761a95 (Unity) SerializableManagedRefTransfer::RestoreBackup<SerializableManagedRefBackupGenerator>
0x00007ff815841f8c (Unity) SerializableManagedRefsUtilities::RestoreBackups
0x00007ff815783904 (Unity) MonoManager::FinalizeReload
0x00007ff816cbbe65 (Unity) ScriptingInitializer::FinalizeReload
0x00007ff816d0b81f (Unity) AssetImportWorkerClient::ReloadScriptingDomain
0x00007ff816ce521c (Unity) <lambda_94302c41bc55323db1fed16712a08587>::operator()
0x00007ff816dc90de (Unity) asio::detail::completion_handler<core::mutable_function<void __cdecl(void)>,asio::io_context::basic_executor_type<std::allocator<void>,0> >::do_complete
0x00007ff816db696a (Unity) asio::detail::win_iocp_io_context::do_one
0x00007ff816db7cd4 (Unity) asio::detail::win_iocp_io_context::run
0x00007ff816dc76fc (Unity) IOService::Run
0x00007ff816d0f896 (Unity) RunAssetImportWorkerClientV2
0x00007ff816d0f95b (Unity) RunAssetImporterV2
0x00007ff816519988 (Unity) Application::InitializeProject
0x00007ff816b20ba5 (Unity) UnityMain
0x00007ff699b92fba (Unity) __scrt_common_main_seh
0x00007ff8ef69e8d7 (KERNEL32) BaseThreadInitThunk
0x00007ff8eff3bf6c (ntdll) RtlUserThreadStart
Release of invalid GC handle. The handle is from a previous domain. The release operation is skipped.
Release of invalid GC handle native callstack: 
0x00007ff8158998ad (Unity) StackWalker::ShowCallstack
0x00007ff8158a9869 (Unity) PlatformStacktrace::GetStacktrace
0x00007ff816b1658e (Unity) Stacktrace::GetStacktrace
0x00007ff81579ce55 (Unity) ScriptingGCHandle::Release
0x00007ff8157c6b8b (Unity) WeakRefInstanceTracker::Remove
0x00007ff8157c5e5a (Unity) ManagedReferencesRegistry::LookupInstanceByIDForReuse
0x00007ff81581e7b5 (Unity) ManagedReferencesTransferState::GetInstanceForReuse
0x00007ff81576d7c7 (Unity) SerializeTraits<RegisteredReferencedObject<0> >::Transfer<StreamedBinaryRead>
0x00007ff81576e9fb (Unity) SerializeTraits<ManagedReferencesTransferState>::Transfer<StreamedBinaryRead>
0x00007ff81577d43f (Unity) <lambda_580fa16bd23d18c3e466e7b58feca0a1>::operator()
0x00007ff815777718 (Unity) TransferScriptingObject<StreamedBinaryRead>
0x00007ff815778e93 (Unity) SerializableManagedRefTransfer::TransferScriptingObjectWithSerializedRefSupport<StreamedBinaryRead>
0x00007ff81578e916 (Unity) SerializableManagedRefTransfer::TransferBinaryInstanceOnly
0x00007ff815761c6e (Unity) SerializableManagedRefTransfer::RestoreBackupImpl<SerializableManagedRefBackupGenerator>
0x00007ff815761a95 (Unity) SerializableManagedRefTransfer::RestoreBackup<SerializableManagedRefBackupGenerator>
0x00007ff815841f8c (Unity) SerializableManagedRefsUtilities::RestoreBackups
0x00007ff815783904 (Unity) MonoManager::FinalizeReload
0x00007ff816cbbe65 (Unity) ScriptingInitializer::FinalizeReload
0x00007ff816d0b81f (Unity) AssetImportWorkerClient::ReloadScriptingDomain
0x00007ff816ce521c (Unity) <lambda_94302c41bc55323db1fed16712a08587>::operator()
0x00007ff816dc90de (Unity) asio::detail::completion_handler<core::mutable_function<void __cdecl(void)>,asio::io_context::basic_executor_type<std::allocator<void>,0> >::do_complete
0x00007ff816db696a (Unity) asio::detail::win_iocp_io_context::do_one
0x00007ff816db7cd4 (Unity) asio::detail::win_iocp_io_context::run
0x00007ff816dc76fc (Unity) IOService::Run
0x00007ff816d0f896 (Unity) RunAssetImportWorkerClientV2
0x00007ff816d0f95b (Unity) RunAssetImporterV2
0x00007ff816519988 (Unity) Application::InitializeProject
0x00007ff816b20ba5 (Unity) UnityMain
0x00007ff699b92fba (Unity) __scrt_common_main_seh
0x00007ff8ef69e8d7 (KERNEL32) BaseThreadInitThunk
0x00007ff8eff3bf6c (ntdll) RtlUserThreadStart
Release of invalid GC handle. The handle is from a previous domain. The release operation is skipped.
Release of invalid GC handle native callstack: 
0x00007ff8158998ad (Unity) StackWalker::ShowCallstack
0x00007ff8158a9869 (Unity) PlatformStacktrace::GetStacktrace
0x00007ff816b1658e (Unity) Stacktrace::GetStacktrace
0x00007ff81579ce55 (Unity) ScriptingGCHandle::Release
0x00007ff8157c6b8b (Unity) WeakRefInstanceTracker::Remove
0x00007ff8157c5e5a (Unity) ManagedReferencesRegistry::LookupInstanceByIDForReuse
0x00007ff81581e7b5 (Unity) ManagedReferencesTransferState::GetInstanceForReuse
0x00007ff81576d7c7 (Unity) SerializeTraits<RegisteredReferencedObject<0> >::Transfer<StreamedBinaryRead>
0x00007ff81576e9fb (Unity) SerializeTraits<ManagedReferencesTransferState>::Transfer<StreamedBinaryRead>
0x00007ff81577d43f (Unity) <lambda_580fa16bd23d18c3e466e7b58feca0a1>::operator()
0x00007ff815777718 (Unity) TransferScriptingObject<StreamedBinaryRead>
0x00007ff815778e93 (Unity) SerializableManagedRefTransfer::TransferScriptingObjectWithSerializedRefSupport<StreamedBinaryRead>
0x00007ff81578e916 (Unity) SerializableManagedRefTransfer::TransferBinaryInstanceOnly
0x00007ff815761c6e (Unity) SerializableManagedRefTransfer::RestoreBackupImpl<SerializableManagedRefBackupGenerator>
0x00007ff815761a95 (Unity) SerializableManagedRefTransfer::RestoreBackup<SerializableManagedRefBackupGenerator>
0x00007ff815841f8c (Unity) SerializableManagedRefsUtilities::RestoreBackups
0x00007ff815783904 (Unity) MonoManager::FinalizeReload
0x00007ff816cbbe65 (Unity) ScriptingInitializer::FinalizeReload
0x00007ff816d0b81f (Unity) AssetImportWorkerClient::ReloadScriptingDomain
0x00007ff816ce521c (Unity) <lambda_94302c41bc55323db1fed16712a08587>::operator()
0x00007ff816dc90de (Unity) asio::detail::completion_handler<core::mutable_function<void __cdecl(void)>,asio::io_context::basic_executor_type<std::allocator<void>,0> >::do_complete
0x00007ff816db696a (Unity) asio::detail::win_iocp_io_context::do_one
0x00007ff816db7cd4 (Unity) asio::detail::win_iocp_io_context::run
0x00007ff816dc76fc (Unity) IOService::Run
0x00007ff816d0f896 (Unity) RunAssetImportWorkerClientV2
0x00007ff816d0f95b (Unity) RunAssetImporterV2
0x00007ff816519988 (Unity) Application::InitializeProject
0x00007ff816b20ba5 (Unity) UnityMain
0x00007ff699b92fba (Unity) __scrt_common_main_seh
0x00007ff8ef69e8d7 (KERNEL32) BaseThreadInitThunk
0x00007ff8eff3bf6c (ntdll) RtlUserThreadStart
The file 'MemoryStream' is corrupted! Remove it and launch unity again!
[Position out of bounds!]
Fatal Error! The file 'MemoryStream' is corrupted! Remove it and launch unity again!
[Position out of bounds!]
Crash!!!
SymInit: Symbol-SearchPath: '.;C:\Users\Nicho\BehaviourTreeLessons\BehaviorTree2025;C:\Users\Nicho\BehaviourTreeLessons\BehaviorTree2025\Library\BurstCache\JIT;C:\Program Files\Unity\Hub\Editor\6000.0.37f1\Editor;C:\WINDOWS;C:\WINDOWS\system32;', symOptions: 534, UserName: 'Nicho'
OS-Version: 10.0.0
C:\Program Files\Unity\Hub\Editor\6000.0.37f1\Editor\Unity.exe:Unity.exe (00007FF699B90000), size: 299008 (result: 0), SymType: 'PDB', PDB: 'C:\Program Files\Unity\Hub\Editor\6000.0.37f1\Editor\Unity_exe_x64.pdb', fileVersion: 6000.0.37.2935
C:\WINDOWS\SYSTEM32\ntdll.dll:ntdll.dll (00007FF8EFE80000), size: 2502656 (result: 0), SymType: '-exported-', PDB: 'C:\WINDOWS\SYSTEM32\ntdll.dll', fileVersion: 10.0.26100.3323
C:\WINDOWS\System32\KERNEL32.DLL:KERNEL32.DLL (00007FF8EF670000), size: 815104 (result: 0), SymType: '-exported-', PDB: 'C:\WINDOWS\System32\KERNEL32.DLL', fileVersion: 10.0.26100.3323
C:\WINDOWS\System32\KERNELBASE.dll:KERNELBASE.dll (00007FF8ED080000), size: 3969024 (result: 0), SymType: '-exported-', PDB: 'C:\WINDOWS\System32\KERNELBASE.dll', fileVersion: 10.0.26100.3470
C:\WINDOWS\System32\USER32.dll:USER32.dll (00007FF8EF9B0000), size: 1875968 (result: 0), SymType: '-exported-', PDB: 'C:\WINDOWS\System32\USER32.dll', fileVersion: 10.0.26100.3323
C:\WINDOWS\System32\win32u.dll:win32u.dll (00007FF8ED700000), size: 159744 (result: 0), SymType: '-exported-', PDB: 'C:\WINDOWS\System32\win32u.dll', fileVersion: 10.0.26100.3470
C:\WINDOWS\System32\GDI32.dll:GDI32.dll (00007FF8EF850000), size: 172032 (result: 0), SymType: '-exported-', PDB: 'C:\WINDOWS\System32\GDI32.dll', fileVersion: 10.0.26100.2033
C:\WINDOWS\System32\gdi32full.dll:gdi32full.dll (00007FF8ED450000), size: 1249280 (result: 0), SymType: '-exported-', PDB: 'C:\WINDOWS\System32\gdi32full.dll', fileVersion: 10.0.26100.3323
C:\WINDOWS\System32\msvcp_win.dll:msvcp_win.dll (00007FF8ED650000), size: 667648 (result: 0), SymType: '-exported-', PDB: 'C:\WINDOWS\System32\msvcp_win.dll', fileVersion: 10.0.26100.1882
C:\WINDOWS\System32\ucrtbase.dll:ucrtbase.dll (00007FF8ED730000), size: 1359872 (result: 0), SymType: '-exported-', PDB: 'C:\WINDOWS\System32\ucrtbase.dll', fileVersion: 10.0.26100.3037
C:\WINDOWS\System32\IMM32.DLL:IMM32.DLL (00007FF8EE260000), size: 192512 (result: 0), SymType: '-exported-', PDB: 'C:\WINDOWS\System32\IMM32.DLL', fileVersion: 10.0.26100.1150
C:\Program Files\Unity\Hub\Editor\6000.0.37f1\Editor\Unity.dll:Unity.dll (00007FF814870000), size: 87080960 (result: 0), SymType: 'PDB', PDB: 'C:\Program Files\Unity\Hub\Editor\6000.0.37f1\Editor\Unity_x64.pdb', fileVersion: 6000.0.37.2935
C:\WINDOWS\System32\CRYPT32.dll:CRYPT32.dll (00007FF8EDB20000), size: 1536000 (result: 0), SymType: '-exported-', PDB: 'C:\WINDOWS\System32\CRYPT32.dll', fileVersion: 10.0.26100.3323
C:\WINDOWS\System32\ADVAPI32.dll:ADVAPI32.dll (00007FF8EF160000), size: 729088 (result: 0), SymType: '-exported-', PDB: 'C:\WINDOWS\System32\ADVAPI32.dll', fileVersion: 10.0.26100.3323
C:\WINDOWS\System32\msvcrt.dll:msvcrt.dll (00007FF8EF900000), size: 692224 (result: 0), SymType: '-exported-', PDB: 'C:\WINDOWS\System32\msvcrt.dll', fileVersion: 7.0.26100.1882
C:\Program Files\Unity\Hub\Editor\6000.0.37f1\Editor\libfbxsdk.dll:libfbxsdk.dll (00007FF837040000), size: 8019968 (result: 0), SymType: '-exported-', PDB: 'C:\Program Files\Unity\Hub\Editor\6000.0.37f1\Editor\libfbxsdk.dll', fileVersion: 2020.3.7.0
C:\WINDOWS\System32\sechost.dll:sechost.dll (00007FF8EE960000), size: 679936 (result: 0), SymType: '-exported-', PDB: 'C:\WINDOWS\System32\sechost.dll', fileVersion: 10.0.26100.3037
C:\Program Files\Unity\Hub\Editor\6000.0.37f1\Editor\etccompress.dll:etccompress.dll (00007FF836B60000), size: 5070848 (result: 0), SymType: '-exported-', PDB: 'C:\Program Files\Unity\Hub\Editor\6000.0.37f1\Editor\etccompress.dll'
C:\Program Files\Unity\Hub\Editor\6000.0.37f1\Editor\s3tcompress.dll:s3tcompress.dll (00007FF8DB4C0000), size: 180224 (result: 0), SymType: '-exported-', PDB: 'C:\Program Files\Unity\Hub\Editor\6000.0.37f1\Editor\s3tcompress.dll'
C:\WINDOWS\System32\RPCRT4.dll:RPCRT4.dll (00007FF8EF450000), size: 1138688 (result: 0), SymType: '-exported-', PDB: 'C:\WINDOWS\System32\RPCRT4.dll', fileVersion: 10.0.26100.3037
C:\Program Files\Unity\Hub\Editor\6000.0.37f1\Editor\ispc_texcomp.dll:ispc_texcomp.dll (00007FF854460000), size: 1826816 (result: 0), SymType: '-exported-', PDB: 'C:\Program Files\Unity\Hub\Editor\6000.0.37f1\Editor\ispc_texcomp.dll'
C:\Program Files\Unity\Hub\Editor\6000.0.37f1\Editor\compress_bc7e.dll:compress_bc7e.dll (00007FF8540B0000), size: 1433600 (result: 0), SymType: '-exported-', PDB: 'C:\Program Files\Unity\Hub\Editor\6000.0.37f1\Editor\compress_bc7e.dll'
C:\Program Files\Unity\Hub\Editor\6000.0.37f1\Editor\FreeImage.dll:FreeImage.dll (0000000180000000), size: 5783552 (result: 0), SymType: '-exported-', PDB: 'C:\Program Files\Unity\Hub\Editor\6000.0.37f1\Editor\FreeImage.dll', fileVersion: 3.18.0.0
C:\WINDOWS\System32\ole32.dll:ole32.dll (00007FF8EF2B0000), size: 1658880 (result: 0), SymType: '-exported-', PDB: 'C:\WINDOWS\System32\ole32.dll', fileVersion: 10.0.26100.3323
C:\Program Files\Unity\Hub\Editor\6000.0.37f1\Editor\WinPixEventRuntime.dll:WinPixEventRuntime.dll (00007FF8E47E0000), size: 53248 (result: 0), SymType: '-exported-', PDB: 'C:\Program Files\Unity\Hub\Editor\6000.0.37f1\Editor\WinPixEventRuntime.dll', fileVersion: 1.0.2201.24001
C:\WINDOWS\System32\WS2_32.dll:WS2_32.dll (00007FF8EE860000), size: 475136 (result: 0), SymType: '-exported-', PDB: 'C:\WINDOWS\System32\WS2_32.dll', fileVersion: 10.0.26100.1882
C:\Program Files\Unity\Hub\Editor\6000.0.37f1\Editor\umbraoptimizer64.dll:umbraoptimizer64.dll (00007FF853F80000), size: 1187840 (result: 0), SymType: '-exported-', PDB: 'C:\Program Files\Unity\Hub\Editor\6000.0.37f1\Editor\umbraoptimizer64.dll'
C:\WINDOWS\System32\combase.dll:combase.dll (00007FF8EE480000), size: 3678208 (result: 0), SymType: '-exported-', PDB: 'C:\WINDOWS\System32\combase.dll', fileVersion: 10.0.26100.3323
C:\WINDOWS\System32\SETUPAPI.dll:SETUPAPI.dll (00007FF8EDD50000), size: 4743168 (result: 0), SymType: '-exported-', PDB: 'C:\WINDOWS\System32\SETUPAPI.dll', fileVersion: 10.0.26100.3323
C:\WINDOWS\SYSTEM32\MSVCP140.dll:MSVCP140.dll (00007FF8D2B90000), size: 577536 (result: 0), SymType: '-exported-', PDB: 'C:\WINDOWS\SYSTEM32\MSVCP140.dll', fileVersion: 14.42.34438.0
C:\WINDOWS\System32\SHELL32.dll:SHELL32.dll (00007FF8EEA40000), size: 7426048 (result: 0), SymType: '-exported-', PDB: 'C:\WINDOWS\System32\SHELL32.dll', fileVersion: 10.0.26100.3323
C:\WINDOWS\SYSTEM32\VCRUNTIME140.dll:VCRUNTIME140.dll (00007FF8E53B0000), size: 122880 (result: 0), SymType: '-exported-', PDB: 'C:\WINDOWS\SYSTEM32\VCRUNTIME140.dll', fileVersion: 14.42.34438.0
C:\WINDOWS\SYSTEM32\VCRUNTIME140_1.dll:VCRUNTIME140_1.dll (00007FF8E73A0000), size: 49152 (result: 0), SymType: '-exported-', PDB: 'C:\WINDOWS\SYSTEM32\VCRUNTIME140_1.dll', fileVersion: 14.42.34438.0
C:\WINDOWS\System32\wintypes.dll:wintypes.dll (00007FF8ED9B0000), size: 1474560 (result: 0), SymType: '-exported-', PDB: 'C:\WINDOWS\System32\wintypes.dll', fileVersion: 10.0.26100.3037
C:\WINDOWS\System32\SHLWAPI.dll:SHLWAPI.dll (00007FF8EE900000), size: 380928 (result: 0), SymType: '-exported-', PDB: 'C:\WINDOWS\System32\SHLWAPI.dll', fileVersion: 10.0.26100.3037
C:\WINDOWS\SYSTEM32\bcrypt.dll:bcrypt.dll (00007FF8EC9B0000), size: 155648 (result: 0), SymType: '-exported-', PDB: 'C:\WINDOWS\SYSTEM32\bcrypt.dll', fileVersion: 10.0.26100.3037
C:\WINDOWS\SYSTEM32\d3d11.dll:d3d11.dll (00007FF8E67C0000), size: 2514944 (result: 0), SymType: '-exported-', PDB: 'C:\WINDOWS\SYSTEM32\d3d11.dll', fileVersion: 10.0.26100.3323
C:\WINDOWS\System32\OLEAUT32.dll:OLEAUT32.dll (00007FF8EF740000), size: 876544 (result: 0), SymType: '-exported-', PDB: 'C:\WINDOWS\System32\OLEAUT32.dll', fileVersion: 10.0.26100.3323
C:\WINDOWS\SYSTEM32\d3d12.dll:d3d12.dll (00007FF8B30E0000), size: 143360 (result: 0), SymType: '-exported-', PDB: 'C:\WINDOWS\SYSTEM32\d3d12.dll', fileVersion: 10.0.26100.3323
C:\WINDOWS\System32\WINTRUST.dll:WINTRUST.dll (00007FF8ED920000), size: 520192 (result: 0), SymType: '-exported-', PDB: 'C:\WINDOWS\System32\WINTRUST.dll', fileVersion: 10.0.26100.3323
C:\WINDOWS\SYSTEM32\dwmapi.dll:dwmapi.dll (00007FF8E7A50000), size: 217088 (result: 0), SymType: '-exported-', PDB: 'C:\WINDOWS\SYSTEM32\dwmapi.dll', fileVersion: 10.0.26100.3323
C:\WINDOWS\SYSTEM32\dxgi.dll:dxgi.dll (00007FF8E78D0000), size: 1236992 (result: 0), SymType: '-exported-', PDB: 'C:\WINDOWS\SYSTEM32\dxgi.dll', fileVersion: 10.0.26100.3323
C:\WINDOWS\SYSTEM32\HID.DLL:HID.DLL (00007FF8EB5B0000), size: 61440 (result: 0), SymType: '-exported-', PDB: 'C:\WINDOWS\SYSTEM32\HID.DLL', fileVersion: 10.0.26100.1150
C:\WINDOWS\SYSTEM32\IPHLPAPI.DLL:IPHLPAPI.DLL (00007FF8EB970000), size: 208896 (result: 0), SymType: '-exported-', PDB: 'C:\WINDOWS\SYSTEM32\IPHLPAPI.DLL', fileVersion: 10.0.26100.3323
C:\WINDOWS\SYSTEM32\OPENGL32.dll:OPENGL32.dll (00007FF8BFEF0000), size: 1097728 (result: 0), SymType: '-exported-', PDB: 'C:\WINDOWS\SYSTEM32\OPENGL32.dll', fileVersion: 10.0.26100.3323
C:\WINDOWS\SYSTEM32\WINHTTP.dll:WINHTTP.dll (00007FF8E3620000), size: 1171456 (result: 0), SymType: '-exported-', PDB: 'C:\WINDOWS\SYSTEM32\WINHTTP.dll', fileVersion: 10.0.26100.3323
C:\WINDOWS\SYSTEM32\WINMM.dll:WINMM.dll (00007FF8DA420000), size: 221184 (result: 0), SymType: '-exported-', PDB: 'C:\WINDOWS\SYSTEM32\WINMM.dll', fileVersion: 10.0.26100.3323
C:\WINDOWS\SYSTEM32\GLU32.dll:GLU32.dll (00007FF8D4DF0000), size: 184320 (result: 0), SymType: '-exported-', PDB: 'C:\WINDOWS\SYSTEM32\GLU32.dll', fileVersion: 10.0.26100.1150
C:\Program Files\Unity\Hub\Editor\6000.0.37f1\Editor\SketchUpAPI.dll:SketchUpAPI.dll (00007FF81B9D0000), size: 8990720 (result: 0), SymType: '-exported-', PDB: 'C:\Program Files\Unity\Hub\Editor\6000.0.37f1\Editor\SketchUpAPI.dll', fileVersion: 23.0.0.0
C:\Program Files\Unity\Hub\Editor\6000.0.37f1\Editor\NativeProxyHelper.dll:NativeProxyHelper.dll (00007FF853550000), size: 1789952 (result: 0), SymType: '-exported-', PDB: 'C:\Program Files\Unity\Hub\Editor\6000.0.37f1\Editor\NativeProxyHelper.dll'
C:\WINDOWS\SYSTEM32\VERSION.dll:VERSION.dll (00007FF8E3E60000), size: 45056 (result: 0), SymType: '-exported-', PDB: 'C:\WINDOWS\SYSTEM32\VERSION.dll', fileVersion: 10.0.26100.1150
C:\WINDOWS\SYSTEM32\WSOCK32.dll:WSOCK32.dll (00007FF8E34C0000), size: 40960 (result: 0), SymType: '-exported-', PDB: 'C:\WINDOWS\SYSTEM32\WSOCK32.dll', fileVersion: 10.0.26100.1
C:\Program Files\Unity\Hub\Editor\6000.0.37f1\Editor\SketchUpCommonPreferences.dll:SketchUpCommonPreferences.dll (00007FF8706F0000), size: 499712 (result: 0), SymType: '-exported-', PDB: 'C:\Program Files\Unity\Hub\Editor\6000.0.37f1\Editor\SketchUpCommonPreferences.dll', fileVersion: 23.0.0.0
C:\WINDOWS\SYSTEM32\Secur32.dll:Secur32.dll (00007FF8E7520000), size: 53248 (result: 0), SymType: '-exported-', PDB: 'C:\WINDOWS\SYSTEM32\Secur32.dll', fileVersion: 10.0.26100.1
C:\WINDOWS\SYSTEM32\dxcore.dll:dxcore.dll (00007FF8EA0C0000), size: 290816 (result: 0), SymType: '-exported-', PDB: 'C:\WINDOWS\SYSTEM32\dxcore.dll', fileVersion: 10.0.26100.3323
C:\WINDOWS\SYSTEM32\SSPICLI.DLL:SSPICLI.DLL (00007FF8EC250000), size: 294912 (result: 0), SymType: '-exported-', PDB: 'C:\WINDOWS\SYSTEM32\SSPICLI.DLL', fileVersion: 10.0.26100.3037
C:\Program Files\Unity\Hub\Editor\6000.0.37f1\Editor\OpenRL.dll:OpenRL.dll (0000028D9B420000), size: 12779520 (result: 0), SymType: '-exported-', PDB: 'C:\Program Files\Unity\Hub\Editor\6000.0.37f1\Editor\OpenRL.dll', fileVersion: 1.5.0.2907
C:\WINDOWS\SYSTEM32\MSVCR100.dll:MSVCR100.dll (000000006F2C0000), size: 860160 (result: 0), SymType: '-exported-', PDB: 'C:\WINDOWS\SYSTEM32\MSVCR100.dll', fileVersion: 10.0.40219.325
C:\WINDOWS\SYSTEM32\MSVCP100.dll:MSVCP100.dll (000000006F3A0000), size: 622592 (result: 0), SymType: '-exported-', PDB: 'C:\WINDOWS\SYSTEM32\MSVCP100.dll', fileVersion: 10.0.40219.325
C:\Program Files\Unity\Hub\Editor\6000.0.37f1\Editor\embree.dll:embree.dll (00007FF81A9E0000), size: 16711680 (result: 0), SymType: '-exported-', PDB: 'C:\Program Files\Unity\Hub\Editor\6000.0.37f1\Editor\embree.dll', fileVersion: 2.14.0.0
C:\WINDOWS\SYSTEM32\cfgmgr32.DLL:cfgmgr32.DLL (00007FF8ECCE0000), size: 389120 (result: 0), SymType: '-exported-', PDB: 'C:\WINDOWS\SYSTEM32\cfgmgr32.DLL', fileVersion: 10.0.26100.3323
C:\Program Files\Unity\Hub\Editor\6000.0.37f1\Editor\tbb.dll:tbb.dll (00007FF8A5620000), size: 303104 (result: 0), SymType: '-exported-', PDB: 'C:\Program Files\Unity\Hub\Editor\6000.0.37f1\Editor\tbb.dll', fileVersion: 2020.3.2022.1111
C:\WINDOWS\SYSTEM32\MSWSOCK.DLL:MSWSOCK.DLL (00007FF8EC4D0000), size: 434176 (result: 0), SymType: '-exported-', PDB: 'C:\WINDOWS\SYSTEM32\MSWSOCK.DLL', fileVersion: 10.0.26100.3194
C:\Program Files\Unity\Hub\Editor\6000.0.37f1\Editor\OpenRL_pthread.dll:OpenRL_pthread.dll (0000028D9B340000), size: 61440 (result: 0), SymType: '-exported-', PDB: 'C:\Program Files\Unity\Hub\Editor\6000.0.37f1\Editor\OpenRL_pthread.dll', fileVersion: 2.9.0.0
C:\WINDOWS\SYSTEM32\directxdatabasehelper.dll:directxdatabasehelper.dll (00007FF8E7850000), size: 380928 (result: 0), SymType: '-nosymbols-', PDB: 'C:\WINDOWS\SYSTEM32\directxdatabasehelper.dll', fileVersion: 10.0.26100.3323
C:\WINDOWS\SYSTEM32\kernel.appcore.dll:kernel.appcore.dll (00007FF8EBF90000), size: 106496 (result: 0), SymType: '-exported-', PDB: 'C:\WINDOWS\SYSTEM32\kernel.appcore.dll', fileVersion: 10.0.26100.1591
C:\WINDOWS\System32\bcryptPrimitives.dll:bcryptPrimitives.dll (00007FF8ED880000), size: 626688 (result: 0), SymType: '-exported-', PDB: 'C:\WINDOWS\System32\bcryptPrimitives.dll', fileVersion: 10.0.26100.3037
C:\WINDOWS\SYSTEM32\MSASN1.dll:MSASN1.dll (00007FF8EC890000), size: 77824 (result: 0), SymType: '-exported-', PDB: 'C:\WINDOWS\SYSTEM32\MSASN1.dll', fileVersion: 10.0.26100.2894
C:\WINDOWS\system32\uxtheme.dll:uxtheme.dll (00007FF8E75F0000), size: 712704 (result: 0), SymType: '-exported-', PDB: 'C:\WINDOWS\system32\uxtheme.dll', fileVersion: 10.0.26100.3323
C:\WINDOWS\SYSTEM32\windows.storage.dll:windows.storage.dll (00007FF8EAD60000), size: 8671232 (result: 0), SymType: '-exported-', PDB: 'C:\WINDOWS\SYSTEM32\windows.storage.dll', fileVersion: 10.0.26100.3470
C:\WINDOWS\System32\SHCORE.dll:SHCORE.dll (00007FF8EF570000), size: 962560 (result: 0), SymType: '-exported-', PDB: 'C:\WINDOWS\System32\SHCORE.dll', fileVersion: 10.0.26100.3470
C:\WINDOWS\SYSTEM32\profapi.dll:profapi.dll (00007FF8ECF90000), size: 192512 (result: 0), SymType: '-nosymbols-', PDB: 'C:\WINDOWS\SYSTEM32\profapi.dll', fileVersion: 10.0.26100.3323
C:\WINDOWS\system32\IconCodecService.dll:IconCodecService.dll (00007FF8E3E80000), size: 45056 (result: 0), SymType: '-nosymbols-', PDB: 'C:\WINDOWS\system32\IconCodecService.dll', fileVersion: 10.0.26100.1
C:\WINDOWS\SYSTEM32\WindowsCodecs.dll:WindowsCodecs.dll (00007FF8E5820000), size: 2285568 (result: 0), SymType: '-exported-', PDB: 'C:\WINDOWS\SYSTEM32\WindowsCodecs.dll', fileVersion: 10.0.26100.3323
C:\WINDOWS\System32\clbcatq.dll:clbcatq.dll (00007FF8EDCA0000), size: 688128 (result: 0), SymType: '-exported-', PDB: 'C:\WINDOWS\System32\clbcatq.dll', fileVersion: 2001.12.10941.16384
C:\WINDOWS\System32\netprofm.dll:netprofm.dll (00007FF8E4D70000), size: 413696 (result: 0), SymType: '-exported-', PDB: 'C:\WINDOWS\System32\netprofm.dll', fileVersion: 10.0.26100.2454
C:\WINDOWS\System32\npmproxy.dll:npmproxy.dll (00007FF8E0EE0000), size: 102400 (result: 0), SymType: '-exported-', PDB: 'C:\WINDOWS\System32\npmproxy.dll', fileVersion: 10.0.26100.1150
C:\WINDOWS\System32\NSI.dll:NSI.dll (00007FF8EEA10000), size: 40960 (result: 0), SymType: '-exported-', PDB: 'C:\WINDOWS\System32\NSI.dll', fileVersion: 10.0.26100.2894
C:\WINDOWS\SYSTEM32\dhcpcsvc6.DLL:dhcpcsvc6.DLL (00007FF8E3060000), size: 126976 (result: 0), SymType: '-exported-', PDB: 'C:\WINDOWS\SYSTEM32\dhcpcsvc6.DLL', fileVersion: 10.0.26100.3323
C:\WINDOWS\SYSTEM32\dhcpcsvc.DLL:dhcpcsvc.DLL (00007FF8E2DA0000), size: 151552 (result: 0), SymType: '-exported-', PDB: 'C:\WINDOWS\SYSTEM32\dhcpcsvc.DLL', fileVersion: 10.0.26100.3323
C:\WINDOWS\SYSTEM32\DNSAPI.dll:DNSAPI.dll (00007FF8EBA10000), size: 1200128 (result: 0), SymType: '-exported-', PDB: 'C:\WINDOWS\SYSTEM32\DNSAPI.dll', fileVersion: 10.0.26100.3323
C:\WINDOWS\system32\napinsp.dll:napinsp.dll (00007FF8BC060000), size: 98304 (result: 0), SymType: '-exported-', PDB: 'C:\WINDOWS\system32\napinsp.dll', fileVersion: 10.0.26100.1150
C:\WINDOWS\System32\winrnr.dll:winrnr.dll (00007FF8BC040000), size: 73728 (result: 0), SymType: '-exported-', PDB: 'C:\WINDOWS\System32\winrnr.dll', fileVersion: 10.0.26100.1882
C:\WINDOWS\system32\nlansp_c.dll:nlansp_c.dll (00007FF8B37C0000), size: 139264 (result: 0), SymType: '-exported-', PDB: 'C:\WINDOWS\system32\nlansp_c.dll', fileVersion: 10.0.26100.3037
C:\WINDOWS\system32\wshbth.dll:wshbth.dll (00007FF8B8770000), size: 90112 (result: 0), SymType: '-exported-', PDB: 'C:\WINDOWS\system32\wshbth.dll', fileVersion: 10.0.26100.1882
C:\WINDOWS\System32\fwpuclnt.dll:fwpuclnt.dll (00007FF8E0F50000), size: 544768 (result: 0), SymType: '-exported-', PDB: 'C:\WINDOWS\System32\fwpuclnt.dll', fileVersion: 10.0.26100.3323
C:\Windows\System32\rasadhlp.dll:rasadhlp.dll (00007FF8DCA70000), size: 45056 (result: 0), SymType: '-exported-', PDB: 'C:\Windows\System32\rasadhlp.dll', fileVersion: 10.0.26100.1150
C:\Program Files\Unity\Hub\Editor\6000.0.37f1\Editor\AMDUnityPlugin.DLL:AMDUnityPlugin.DLL (00007FF811A60000), size: 8814592 (result: 0), SymType: '-exported-', PDB: 'C:\Program Files\Unity\Hub\Editor\6000.0.37f1\Editor\AMDUnityPlugin.DLL'
C:\Program Files\Unity\Hub\Editor\6000.0.37f1\Editor\NVUnityPlugin.DLL:NVUnityPlugin.DLL (00007FF822690000), size: 1609728 (result: 0), SymType: '-exported-', PDB: 'C:\Program Files\Unity\Hub\Editor\6000.0.37f1\Editor\NVUnityPlugin.DLL'
C:\Program Files\Unity\Hub\Editor\6000.0.37f1\Editor\Data\Tools\astcenc-avx2.dll:astcenc-avx2.dll (00007FF821C80000), size: 364544 (result: 0), SymType: '-exported-', PDB: 'C:\Program Files\Unity\Hub\Editor\6000.0.37f1\Editor\Data\Tools\astcenc-avx2.dll'
C:\WINDOWS\System32\MMDevApi.dll:MMDevApi.dll (00007FF8DC9D0000), size: 630784 (result: 0), SymType: '-exported-', PDB: 'C:\WINDOWS\System32\MMDevApi.dll', fileVersion: 10.0.26100.3323
C:\WINDOWS\System32\DEVOBJ.dll:DEVOBJ.dll (00007FF8ECD50000), size: 184320 (result: 0), SymType: '-exported-', PDB: 'C:\WINDOWS\System32\DEVOBJ.dll', fileVersion: 10.0.26100.1150
C:\Users\Nicho\BehaviourTreeLessons\BehaviorTree2025\Library\PackageCache\com.unity.dt.app-ui@166eda91cea7\Runtime\Core\Platform\Windows\Plugins\x64\AppUINativePlugin.dll:AppUINativePlugin.dll (00007FF89A4D0000), size: 61440 (result: 0), SymType: '-exported-', PDB: 'C:\Users\Nicho\BehaviourTreeLessons\BehaviorTree2025\Library\PackageCache\com.unity.dt.app-ui@166eda91cea7\Runtime\Core\Platform\Windows\Plugins\x64\AppUINativePlugin.dll'
C:\WINDOWS\WinSxS\amd64_microsoft.windows.common-controls_6595b64144ccf1df_6.0.26100.3323_none_3e088096e3344490\COMCTL32.dll:COMCTL32.dll (00007FF8CD720000), size: 2686976 (result: 0), SymType: '-exported-', PDB: 'C:\WINDOWS\WinSxS\amd64_microsoft.windows.common-controls_6595b64144ccf1df_6.0.26100.3323_none_3e088096e3344490\COMCTL32.dll', fileVersion: 6.10.26100.3323
C:\Windows\System32\Windows.UI.dll:Windows.UI.dll (00007FF8D3160000), size: 1400832 (result: 0), SymType: '-exported-', PDB: 'C:\Windows\System32\Windows.UI.dll', fileVersion: 10.0.26100.3323
C:\WINDOWS\System32\DriverStore\FileRepository\nvaci.inf_amd64_d2b0a39cbcef3884\nvldumdx.dll:nvldumdx.dll (00007FF884870000), size: 802816 (result: 0), SymType: '-exported-', PDB: 'C:\WINDOWS\System32\DriverStore\FileRepository\nvaci.inf_amd64_d2b0a39cbcef3884\nvldumdx.dll', fileVersion: 32.0.15.6636
C:\WINDOWS\SYSTEM32\cryptnet.dll:cryptnet.dll (00007FF8E0A60000), size: 241664 (result: 0), SymType: '-exported-', PDB: 'C:\WINDOWS\SYSTEM32\cryptnet.dll', fileVersion: 10.0.26100.3037
C:\WINDOWS\SYSTEM32\cryptbase.dll:cryptbase.dll (00007FF8EC790000), size: 49152 (result: 0), SymType: '-exported-', PDB: 'C:\WINDOWS\SYSTEM32\cryptbase.dll', fileVersion: 10.0.26100.2894
C:\WINDOWS\SYSTEM32\wldp.dll:wldp.dll (00007FF8EC830000), size: 380928 (result: 0), SymType: '-exported-', PDB: 'C:\WINDOWS\SYSTEM32\wldp.dll', fileVersion: 10.0.26100.3037
C:\WINDOWS\SYSTEM32\drvstore.dll:drvstore.dll (00007FF8E08E0000), size: 1552384 (result: 0), SymType: '-exported-', PDB: 'C:\WINDOWS\SYSTEM32\drvstore.dll', fileVersion: 10.0.26100.3323
C:\WINDOWS\System32\imagehlp.dll:imagehlp.dll (00007FF8EF820000), size: 131072 (result: 0), SymType: '-exported-', PDB: 'C:\WINDOWS\System32\imagehlp.dll', fileVersion: 10.0.26100.1150
C:\WINDOWS\SYSTEM32\CRYPTSP.dll:CRYPTSP.dll (00007FF8EC770000), size: 114688 (result: 0), SymType: '-exported-', PDB: 'C:\WINDOWS\SYSTEM32\CRYPTSP.dll', fileVersion: 10.0.26100.2454
C:\WINDOWS\system32\rsaenh.dll:rsaenh.dll (00007FF8EBEF0000), size: 237568 (result: 0), SymType: '-exported-', PDB: 'C:\WINDOWS\system32\rsaenh.dll', fileVersion: 10.0.26100.3323
C:\WINDOWS\System32\DriverStore\FileRepository\nvaci.inf_amd64_d2b0a39cbcef3884\nvgpucomp64.dll:nvgpucomp64.dll (00007FF87FC90000), size: 47251456 (result: 0), SymType: '-exported-', PDB: 'C:\WINDOWS\System32\DriverStore\FileRepository\nvaci.inf_amd64_d2b0a39cbcef3884\nvgpucomp64.dll', fileVersion: 32.0.15.6636
C:\WINDOWS\System32\DriverStore\FileRepository\nvaci.inf_amd64_d2b0a39cbcef3884\Display.NvContainer\NvMessageBus.dll:NvMessageBus.dll (00007FF8C7290000), size: 3506176 (result: 0), SymType: '-exported-', PDB: 'C:\WINDOWS\System32\DriverStore\FileRepository\nvaci.inf_amd64_d2b0a39cbcef3884\Display.NvContainer\NvMessageBus.dll', fileVersion: 3.12.3354.5005
C:\WINDOWS\System32\DriverStore\FileRepository\nvaci.inf_amd64_d2b0a39cbcef3884\nvwgf2umx.dll:nvwgf2umx.dll (00007FF8678B0000), size: 71815168 (result: 0), SymType: '-exported-', PDB: 'C:\WINDOWS\System32\DriverStore\FileRepository\nvaci.inf_amd64_d2b0a39cbcef3884\nvwgf2umx.dll', fileVersion: 32.0.15.6636
C:\WINDOWS\SYSTEM32\powrprof.dll:powrprof.dll (00007FF8EBCE0000), size: 319488 (result: 0), SymType: '-exported-', PDB: 'C:\WINDOWS\SYSTEM32\powrprof.dll', fileVersion: 10.0.26100.1150
C:\WINDOWS\SYSTEM32\UMPDC.dll:UMPDC.dll (00007FF8EBCC0000), size: 81920 (result: 0), SymType: '-exported-', PDB: 'C:\WINDOWS\SYSTEM32\UMPDC.dll', fileVersion: 10.0.26100.1301
C:\WINDOWS\system32\nvspcap64.dll:nvspcap64.dll (00007FF83B650000), size: 2949120 (result: 0), SymType: '-exported-', PDB: 'C:\WINDOWS\system32\nvspcap64.dll', fileVersion: 3.28.0.417
C:\WINDOWS\SYSTEM32\ntmarta.dll:ntmarta.dll (00007FF8EC0D0000), size: 217088 (result: 0), SymType: '-exported-', PDB: 'C:\WINDOWS\SYSTEM32\ntmarta.dll', fileVersion: 10.0.26100.1150
C:\WINDOWS\System32\DriverStore\FileRepository\nvaci.inf_amd64_d2b0a39cbcef3884\nvppex.dll:nvppex.dll (00007FF8829A0000), size: 1396736 (result: 0), SymType: '-exported-', PDB: 'C:\WINDOWS\System32\DriverStore\FileRepository\nvaci.inf_amd64_d2b0a39cbcef3884\nvppex.dll', fileVersion: 32.0.15.6636
C:\WINDOWS\system32\wbem\wbemprox.dll:wbemprox.dll (00007FF8D0360000), size: 73728 (result: 0), SymType: '-exported-', PDB: 'C:\WINDOWS\system32\wbem\wbemprox.dll', fileVersion: 10.0.26100.1000
C:\WINDOWS\SYSTEM32\wbemcomn.dll:wbemcomn.dll (00007FF8D4440000), size: 499712 (result: 0), SymType: '-exported-', PDB: 'C:\WINDOWS\SYSTEM32\wbemcomn.dll', fileVersion: 10.0.26100.1150
C:\WINDOWS\system32\wbem\wbemsvc.dll:wbemsvc.dll (00007FF8D0810000), size: 86016 (result: 0), SymType: '-exported-', PDB: 'C:\WINDOWS\system32\wbem\wbemsvc.dll', fileVersion: 10.0.26100.1000
C:\WINDOWS\system32\wbem\fastprox.dll:fastprox.dll (00007FF8D0710000), size: 983040 (result: 0), SymType: '-exported-', PDB: 'C:\WINDOWS\system32\wbem\fastprox.dll', fileVersion: 10.0.26100.3323
C:\WINDOWS\SYSTEM32\amsi.dll:amsi.dll (00007FF8CE5D0000), size: 118784 (result: 0), SymType: '-exported-', PDB: 'C:\WINDOWS\SYSTEM32\amsi.dll', fileVersion: 10.0.26100.1150
C:\WINDOWS\SYSTEM32\USERENV.dll:USERENV.dll (00007FF8EC570000), size: 176128 (result: 0), SymType: '-exported-', PDB: 'C:\WINDOWS\SYSTEM32\USERENV.dll', fileVersion: 10.0.26100.2454
C:\ProgramData\Microsoft\Windows Defender\Platform\4.18.25010.11-0\MpOav.dll:MpOav.dll (00007FF8CCFB0000), size: 528384 (result: 0), SymType: '-exported-', PDB: 'C:\ProgramData\Microsoft\Windows Defender\Platform\4.18.25010.11-0\MpOav.dll', fileVersion: 4.18.25010.11
C:\WINDOWS\SYSTEM32\opencl.dll:opencl.dll (00007FF821A20000), size: 483328 (result: 0), SymType: '-exported-', PDB: 'C:\WINDOWS\SYSTEM32\opencl.dll', fileVersion: 3.0.6.0
C:\Program Files\Unity\Hub\Editor\6000.0.37f1\Editor\radeonrays.dll:radeonrays.dll (00007FF81D370000), size: 344064 (result: 0), SymType: '-exported-', PDB: 'C:\Program Files\Unity\Hub\Editor\6000.0.37f1\Editor\radeonrays.dll'
C:\Program Files\Unity\Hub\Editor\6000.0.37f1\Editor\Data\MonoBleedingEdge\EmbedRuntime\mono-2.0-bdwgc.dll:mono-2.0-bdwgc.dll (00007FF811010000), size: 10756096 (result: 0), SymType: 'PDB', PDB: 'C:\Program Files\Unity\Hub\Editor\6000.0.37f1\Editor\mono-2.0-bdwgc.pdb'
C:\Windows\System32\Windows.UI.Immersive.dll:Windows.UI.Immersive.dll (00007FF8BD630000), size: 1359872 (result: 0), SymType: '-exported-', PDB: 'C:\Windows\System32\Windows.UI.Immersive.dll', fileVersion: 10.0.26100.3323
C:\Windows\System32\twinapi.appcore.dll:twinapi.appcore.dll (00007FF8E49B0000), size: 2338816 (result: 0), SymType: '-exported-', PDB: 'C:\Windows\System32\twinapi.appcore.dll', fileVersion: 10.0.26100.3323
C:\WINDOWS\SYSTEM32\dbghelp.dll:dbghelp.dll (00007FF8EAA30000), size: 2363392 (result: 0), SymType: '-exported-', PDB: 'C:\WINDOWS\SYSTEM32\dbghelp.dll', fileVersion: 10.0.26100.3037

========== OUTPUTTING STACK TRACE ==================

0x00007FF8ED14AB6A (KERNELBASE) RaiseException
0x00007FF81640E155 (Unity) EditorMonoConsole::LogToConsoleImplementation
0x00007FF81640EE1A (Unity) EditorMonoConsole::LogToConsoleImplementation
0x00007FF8170BFF7D (Unity) DebugStringToFilePostprocessedStacktrace
0x00007FF8170BF318 (Unity) DebugStringToFile
0x00007FF8154B963A (Unity) CachedReader::OutOfBoundsError
0x00007FF8154B9D14 (Unity) CachedReader::UpdateReadCache
0x00007FF8157F20E6 (Unity) TransferManagedReference<StreamedBinaryRead>
0x00007FF815813A71 (Unity) Transfer_ManagedObjectRef<StreamedBinaryRead,0>
0x00007FF81576049C (Unity) ExecuteSerializationCommands<JSONRead>
0x00007FF81576D6E7 (Unity) SerializeTraits<ReferencedObjectData<0> >::Transfer<StreamedBinaryRead>
0x00007FF81576D8FE (Unity) SerializeTraits<RegisteredReferencedObject<0> >::Transfer<StreamedBinaryRead>
0x00007FF81576E9FB (Unity) SerializeTraits<ManagedReferencesTransferState>::Transfer<StreamedBinaryRead>
0x00007FF81577D43F (Unity) <lambda_580fa16bd23d18c3e466e7b58feca0a1>::operator()
0x00007FF815777718 (Unity) TransferScriptingObject<StreamedBinaryRead>
0x00007FF815778E93 (Unity) SerializableManagedRefTransfer::TransferScriptingObjectWithSerializedRefSupport<StreamedBinaryRead>
0x00007FF81578E916 (Unity) SerializableManagedRefTransfer::TransferBinaryInstanceOnly
0x00007FF815761C6E (Unity) SerializableManagedRefTransfer::RestoreBackupImpl<SerializableManagedRefBackupGenerator>
0x00007FF815761A95 (Unity) SerializableManagedRefTransfer::RestoreBackup<SerializableManagedRefBackupGenerator>
0x00007FF815841F8C (Unity) SerializableManagedRefsUtilities::RestoreBackups
0x00007FF815783904 (Unity) MonoManager::FinalizeReload
0x00007FF816CBBE65 (Unity) ScriptingInitializer::FinalizeReload
0x00007FF816D0B81F (Unity) AssetImportWorkerClient::ReloadScriptingDomain
0x00007FF816CE521C (Unity) <lambda_94302c41bc55323db1fed16712a08587>::operator()
0x00007FF816DC90DE (Unity) asio::detail::completion_handler<core::mutable_function<void __cdecl(void)>,asio::io_context::basic_executor_type<std::allocator<void>,0> >::do_complete
0x00007FF816DB696A (Unity) asio::detail::win_iocp_io_context::do_one
0x00007FF816DB7CD4 (Unity) asio::detail::win_iocp_io_context::run
0x00007FF816DC76FC (Unity) IOService::Run
0x00007FF816D0F896 (Unity) RunAssetImportWorkerClientV2
0x00007FF816D0F95B (Unity) RunAssetImporterV2
0x00007FF816519988 (Unity) Application::InitializeProject
0x00007FF816B20BA5 (Unity) UnityMain
0x00007FF699B92FBA (Unity) __scrt_common_main_seh
0x00007FF8EF69E8D7 (KERNEL32) BaseThreadInitThunk
0x00007FF8EFF3BF6C (ntdll) RtlUserThreadStart

========== END OF STACKTRACE ===========

A crash has been intercepted by the crash handler. For call stack and other details, see the latest crash report generated in:
 * C:/Users/Nicho/AppData/Local/Temp/Unity/Editor/Crashes
